[0.000000] (-) TimerEvent: {}
[0.000538] (vio_perception_pipeline) JobQueued: {'identifier': 'vio_perception_pipeline', 'dependencies': OrderedDict()}
[0.000883] (vio_perception_pipeline) JobStarted: {'identifier': 'vio_perception_pipeline'}
[0.099106] (-) TimerEvent: {}
[0.199479] (-) TimerEvent: {}
[0.299889] (-) TimerEvent: {}
[0.400319] (-) TimerEvent: {}
[0.500694] (-) TimerEvent: {}
[0.601468] (-) TimerEvent: {}
[0.701826] (-) TimerEvent: {}
[0.802178] (-) TimerEvent: {}
[0.902538] (-) TimerEvent: {}
[1.002924] (-) TimerEvent: {}
[1.103285] (-) TimerEvent: {}
[1.203631] (-) TimerEvent: {}
[1.297903] (vio_perception_pipeline) Command: {'cmd': ['/usr/bin/python3', '-W', 'ignore:setup.py install is deprecated', '-W', 'ignore:easy_install command is deprecated', 'setup.py', 'egg_info', '--egg-base', '../../build/vio_perception_pipeline', 'build', '--build-base', '/home/group7/Desktop/VIO_autonomous_drone/ros2_ws/build/vio_perception_pipeline/build', 'install', '--record', '/home/group7/Desktop/VIO_autonomous_drone/ros2_ws/build/vio_perception_pipeline/install.log', '--single-version-externally-managed', 'install_data'], 'cwd': '/home/group7/Desktop/VIO_autonomous_drone/ros2_ws/src/vio_perception_pipeline', 'env': {'LESSOPEN': '| /usr/bin/lesspipe %s', 'VSCODE_CWD': '/home/group7', 'VSCODE_ESM_ENTRYPOINT': 'vs/workbench/api/node/extensionHostProcess', 'LANGUAGE': 'en_CA:en', 'USER': 'group7', 'SSH_CLIENT': '100.123.8.72 65022 22', 'VSCODE_NLS_CONFIG': '{"userLocale":"en","osLocale":"en","resolvedLanguage":"en","defaultMessagesFile":"/home/group7/.cursor-server/bin/bb2dbaacf30bb7eb9fd48a37812a8f326defa530/out/nls.messages.json","locale":"en","availableLanguages":{}}', 'VSCODE_HANDLES_UNCAUGHT_ERRORS': 'true', 'XDG_SESSION_TYPE': 'tty', 'Pangolin_DIR': '/usr/local/lib/cmake/Pangolin', 'SHLVL': '1', 'LD_LIBRARY_PATH': '/opt/ros/humble/opt/rviz_ogre_vendor/lib:/opt/ros/humble/lib/aarch64-linux-gnu:/opt/ros/humble/lib:/home/group7/Desktop/Autonomous-Drone/ros2_ws/src/external/ORB_SLAM3/lib:/home/group7/Desktop/Autonomous-Drone/ros2_ws/src/external/ORB_SLAM3/lib', 'BROWSER': '/home/group7/.cursor-server/bin/bb2dbaacf30bb7eb9fd48a37812a8f326defa530/bin/helpers/browser.sh', 'MOTD_SHOWN': 'pam', 'HOME': '/home/group7', 'OLDPWD': '/home/group7/Desktop/VIO_autonomous_drone/ros2_ws', 'VSCODE_IPC_HOOK_CLI': '/run/user/1000/vscode-ipc-c2c94ab9-c2a8-40ed-9d95-4cbcda9f4278.sock', 'ROS_PYTHON_VERSION': '3', 'NO_COLOR': '1', 'DBUS_SESSION_BUS_ADDRESS': 'unix:path=/run/user/1000/bus', 'COLCON_PREFIX_PATH': '/home/group7/Desktop/Autonomous-Drone/ros2_ws/install', 'ROS_DISTRO': 'humble', 'LOGNAME': 'group7', 'FORCE_COLOR': '0', 'VSCODE_HANDLES_SIGPIPE': 'true', 'IGN_GAZEBO_MODEL_PATH': '/opt/ros/humble/share', '_': '/usr/bin/colcon', 'ROS_VERSION': '2', 'XDG_SESSION_CLASS': 'user', 'TERM': 'dumb', 'EVERYSPHERE_RIPGREP_PATH': '/home/group7/.cursor-server/bin/bb2dbaacf30bb7eb9fd48a37812a8f326defa530/resources/helpers/rg', 'XDG_SESSION_ID': '5', 'GAZEBO_MODEL_PATH': '/opt/ros/humble/share', 'ROS_LOCALHOST_ONLY': '0', 'COMPOSER_NO_INTERACTION': '1', 'PATH': '/home/group7/.local/bin:/home/group7/.cursor-server/bin/bb2dbaacf30bb7eb9fd48a37812a8f326defa530/bin/remote-cli:/home/group7/.local/bin:/opt/ros/humble/bin:/home/group7/.cursor-server/bin/bb2dbaacf30bb7eb9fd48a37812a8f326defa530/bin/remote-cli:/home/group7/.local/bin:/usr/local/sbin:/usr/local/bin:/usr/sbin:/usr/bin:/sbin:/bin:/usr/games:/usr/local/games:/snap/bin', 'VSCODE_AGENT_FOLDER': '/home/group7/.cursor-server', 'XDG_RUNTIME_DIR': '/run/user/1000', 'CURSOR_AGENT': '1', 'LANG': 'en_CA.UTF-8', 'LS_COLORS': '', 'AMENT_PREFIX_PATH': '/home/group7/Desktop/Autonomous-Drone/ros2_ws/install/vio_perception:/home/group7/Desktop/Autonomous-Drone/ros2_ws/install/vio_mavlink_bridge:/home/group7/Desktop/Autonomous-Drone/ros2_ws/install/vio_bringup:/home/group7/Desktop/Autonomous-Drone/ros2_ws/install/orbslam3_bridge:/home/group7/Desktop/Autonomous-Drone/ros2_ws/install/depthai_cam:/opt/ros/humble', 'SHELL': '/bin/bash', 'VSCODE_SERVER_SHUTDOWN_TIMEOUT': '300', 'LESSCLOSE': '/usr/bin/lesspipe %s %s', 'IGN_GAZEBO_RESOURCE_PATH': '/opt/ros/humble/share', 'GAZEBO_RESOURCE_PATH': '/opt/ros/humble/share', 'PWD': '/home/group7/Desktop/VIO_autonomous_drone/ros2_ws/build/vio_perception_pipeline', 'ORB_SLAM3_PATH': '/home/group7/ORB_SLAM3', 'SSH_CONNECTION': '100.123.8.72 65022 100.95.92.95 22', 'XDG_DATA_DIRS': '/usr/share/gnome:/usr/local/share:/usr/share:/var/lib/snapd/desktop', 'PYTHONPATH': '/home/group7/Desktop/VIO_autonomous_drone/ros2_ws/build/vio_perception_pipeline/prefix_override:/usr/lib/python3/dist-packages/colcon_core/task/python/colcon_distutils_commands:/home/group7/Desktop/VIO_autonomous_drone/ros2_ws/install/vio_perception_pipeline/lib/python3.10/site-packages:/home/group7/Desktop/Autonomous-Drone/ros2_ws/install/vio_perception/lib/python3.10/site-packages:/home/group7/Desktop/Autonomous-Drone/ros2_ws/install/depthai_cam/lib/python3.10/site-packages:/opt/ros/humble/lib/python3.10/site-packages:/opt/ros/humble/local/lib/python3.10/dist-packages', 'COLCON': '1', '_ZO_DOCTOR': '0', 'CMAKE_PREFIX_PATH': '/home/group7/Desktop/Autonomous-Drone/ros2_ws/install/vio_mavlink_bridge:/home/group7/Desktop/Autonomous-Drone/ros2_ws/install/vio_bringup:/home/group7/Desktop/Autonomous-Drone/ros2_ws/install/orbslam3_bridge'}, 'shell': False}
[1.303730] (-) TimerEvent: {}
[1.404056] (-) TimerEvent: {}
[1.504453] (-) TimerEvent: {}
[1.604856] (-) TimerEvent: {}
[1.705253] (-) TimerEvent: {}
[1.805632] (-) TimerEvent: {}
[1.821327] (vio_perception_pipeline) StdoutLine: {'line': b'running egg_info\n'}
[1.823149] (vio_perception_pipeline) StdoutLine: {'line': b'creating ../../build/vio_perception_pipeline/vio_perception_pipeline.egg-info\n'}
[1.825489] (vio_perception_pipeline) StdoutLine: {'line': b'writing ../../build/vio_perception_pipeline/vio_perception_pipeline.egg-info/PKG-INFO\n'}
[1.825870] (vio_perception_pipeline) StdoutLine: {'line': b'writing dependency_links to ../../build/vio_perception_pipeline/vio_perception_pipeline.egg-info/dependency_links.txt\n'}
[1.826038] (vio_perception_pipeline) StdoutLine: {'line': b'writing requirements to ../../build/vio_perception_pipeline/vio_perception_pipeline.egg-info/requires.txt\n'}
[1.826157] (vio_perception_pipeline) StdoutLine: {'line': b'writing top-level names to ../../build/vio_perception_pipeline/vio_perception_pipeline.egg-info/top_level.txt\n'}
[1.826943] (vio_perception_pipeline) StdoutLine: {'line': b"writing manifest file '../../build/vio_perception_pipeline/vio_perception_pipeline.egg-info/SOURCES.txt'\n"}
[1.828901] (vio_perception_pipeline) StderrLine: {'line': b"error: package directory 'vio_perception_pipeline' does not exist\n"}
[1.890206] (vio_perception_pipeline) CommandEnded: {'returncode': 1}
[1.891128] (vio_perception_pipeline) JobEnded: {'identifier': 'vio_perception_pipeline', 'rc': 1}
[1.901324] (-) EventReactorShutdown: {}
