[1.208s] Invoking command in '/home/group7/Desktop/VIO_autonomous_drone/ros2_ws/src/vio_perception_pipeline': PYTHONPATH=/home/group7/Desktop/VIO_autonomous_drone/ros2_ws/src/build/vio_perception_pipeline/prefix_override:/usr/lib/python3/dist-packages/colcon_core/task/python/colcon_distutils_commands:/home/group7/Desktop/VIO_autonomous_drone/ros2_ws/src/install/vio_perception_pipeline/lib/python3.10/site-packages:${PYTHONPATH} /usr/bin/python3 -W ignore:setup.py install is deprecated -W ignore:easy_install command is deprecated setup.py egg_info --egg-base ../build/vio_perception_pipeline build --build-base /home/group7/Desktop/VIO_autonomous_drone/ros2_ws/src/build/vio_perception_pipeline/build install --record /home/group7/Desktop/VIO_autonomous_drone/ros2_ws/src/build/vio_perception_pipeline/install.log --single-version-externally-managed install_data
[1.689s] running egg_info
[1.690s] writing ../build/vio_perception_pipeline/vio_perception_pipeline.egg-info/PKG-INFO
[1.691s] writing dependency_links to ../build/vio_perception_pipeline/vio_perception_pipeline.egg-info/dependency_links.txt
[1.691s] writing requirements to ../build/vio_perception_pipeline/vio_perception_pipeline.egg-info/requires.txt
[1.692s] writing top-level names to ../build/vio_perception_pipeline/vio_perception_pipeline.egg-info/top_level.txt
[1.693s] reading manifest file '../build/vio_perception_pipeline/vio_perception_pipeline.egg-info/SOURCES.txt'
[1.697s] writing manifest file '../build/vio_perception_pipeline/vio_perception_pipeline.egg-info/SOURCES.txt'
[1.697s] running build
[1.697s] running install
[1.698s] running install_data
[1.698s] copying launch/camera.launch.py -> /home/group7/Desktop/VIO_autonomous_drone/ros2_ws/src/install/vio_perception_pipeline/share/vio_perception_pipeline/launch
[1.698s] copying launch/rtabmap.launch.py -> /home/group7/Desktop/VIO_autonomous_drone/ros2_ws/src/install/vio_perception_pipeline/share/vio_perception_pipeline/launch
[1.699s] copying config/depthai_camera.yaml -> /home/group7/Desktop/VIO_autonomous_drone/ros2_ws/src/install/vio_perception_pipeline/share/vio_perception_pipeline/config
[1.699s] running install_egg_info
[1.703s] removing '/home/group7/Desktop/VIO_autonomous_drone/ros2_ws/src/install/vio_perception_pipeline/lib/python3.10/site-packages/vio_perception_pipeline-0.0.0-py3.10.egg-info' (and everything under it)
[1.704s] Copying ../build/vio_perception_pipeline/vio_perception_pipeline.egg-info to /home/group7/Desktop/VIO_autonomous_drone/ros2_ws/src/install/vio_perception_pipeline/lib/python3.10/site-packages/vio_perception_pipeline-0.0.0-py3.10.egg-info
[1.706s] running install_scripts
[1.741s] writing list of installed files to '/home/group7/Desktop/VIO_autonomous_drone/ros2_ws/src/build/vio_perception_pipeline/install.log'
[1.805s] Invoked command in '/home/group7/Desktop/VIO_autonomous_drone/ros2_ws/src/vio_perception_pipeline' returned '0': PYTHONPATH=/home/group7/Desktop/VIO_autonomous_drone/ros2_ws/src/build/vio_perception_pipeline/prefix_override:/usr/lib/python3/dist-packages/colcon_core/task/python/colcon_distutils_commands:/home/group7/Desktop/VIO_autonomous_drone/ros2_ws/src/install/vio_perception_pipeline/lib/python3.10/site-packages:${PYTHONPATH} /usr/bin/python3 -W ignore:setup.py install is deprecated -W ignore:easy_install command is deprecated setup.py egg_info --egg-base ../build/vio_perception_pipeline build --build-base /home/group7/Desktop/VIO_autonomous_drone/ros2_ws/src/build/vio_perception_pipeline/build install --record /home/group7/Desktop/VIO_autonomous_drone/ros2_ws/src/build/vio_perception_pipeline/install.log --single-version-externally-managed install_data
