running develop
running egg_info
creating vio_perception_pipeline.egg-info
writing vio_perception_pipeline.egg-info/PKG-INFO
writing dependency_links to vio_perception_pipeline.egg-info/dependency_links.txt
writing entry points to vio_perception_pipeline.egg-info/entry_points.txt
writing requirements to vio_perception_pipeline.egg-info/requires.txt
writing top-level names to vio_perception_pipeline.egg-info/top_level.txt
writing manifest file 'vio_perception_pipeline.egg-info/SOURCES.txt'
reading manifest file 'vio_perception_pipeline.egg-info/SOURCES.txt'
writing manifest file 'vio_perception_pipeline.egg-info/SOURCES.txt'
running build_ext
Creating /home/group7/Desktop/VIO_autonomous_drone/ros2_ws/install/vio_perception_pipeline/lib/python3.10/site-packages/vio-perception-pipeline.egg-link (link to .)
Installing auto_reset_odom script to /home/group7/Desktop/VIO_autonomous_drone/ros2_ws/install/vio_perception_pipeline/lib/vio_perception_pipeline
Installing enu_to_ned_transformer script to /home/group7/Desktop/VIO_autonomous_drone/ros2_ws/install/vio_perception_pipeline/lib/vio_perception_pipeline
Installing mavsdk_takeoff_hover_land script to /home/group7/Desktop/VIO_autonomous_drone/ros2_ws/install/vio_perception_pipeline/lib/vio_perception_pipeline

Installed /home/group7/Desktop/VIO_autonomous_drone/ros2_ws/build/vio_perception_pipeline
running symlink_data
creating /home/group7/Desktop/VIO_autonomous_drone/ros2_ws/install/vio_perception_pipeline/share/ament_index
creating /home/group7/Desktop/VIO_autonomous_drone/ros2_ws/install/vio_perception_pipeline/share/ament_index/resource_index
creating /home/group7/Desktop/VIO_autonomous_drone/ros2_ws/install/vio_perception_pipeline/share/ament_index/resource_index/packages
symbolically linking /home/group7/Desktop/VIO_autonomous_drone/ros2_ws/build/vio_perception_pipeline/resource/vio_perception_pipeline -> /home/group7/Desktop/VIO_autonomous_drone/ros2_ws/install/vio_perception_pipeline/share/ament_index/resource_index/packages
symbolically linking /home/group7/Desktop/VIO_autonomous_drone/ros2_ws/build/vio_perception_pipeline/package.xml -> /home/group7/Desktop/VIO_autonomous_drone/ros2_ws/install/vio_perception_pipeline/share/vio_perception_pipeline
creating /home/group7/Desktop/VIO_autonomous_drone/ros2_ws/install/vio_perception_pipeline/share/vio_perception_pipeline/launch
symbolically linking /home/group7/Desktop/VIO_autonomous_drone/ros2_ws/build/vio_perception_pipeline/launch/autonomous_hover.launch.py -> /home/group7/Desktop/VIO_autonomous_drone/ros2_ws/install/vio_perception_pipeline/share/vio_perception_pipeline/launch
symbolically linking /home/group7/Desktop/VIO_autonomous_drone/ros2_ws/build/vio_perception_pipeline/launch/camera.launch.py -> /home/group7/Desktop/VIO_autonomous_drone/ros2_ws/install/vio_perception_pipeline/share/vio_perception_pipeline/launch
symbolically linking /home/group7/Desktop/VIO_autonomous_drone/ros2_ws/build/vio_perception_pipeline/launch/full_pipeline.launch.py -> /home/group7/Desktop/VIO_autonomous_drone/ros2_ws/install/vio_perception_pipeline/share/vio_perception_pipeline/launch
symbolically linking /home/group7/Desktop/VIO_autonomous_drone/ros2_ws/build/vio_perception_pipeline/launch/rtabmap.launch.py -> /home/group7/Desktop/VIO_autonomous_drone/ros2_ws/install/vio_perception_pipeline/share/vio_perception_pipeline/launch
symbolically linking /home/group7/Desktop/VIO_autonomous_drone/ros2_ws/build/vio_perception_pipeline/launch/mavros.launch.py -> /home/group7/Desktop/VIO_autonomous_drone/ros2_ws/install/vio_perception_pipeline/share/vio_perception_pipeline/launch
symbolically linking /home/group7/Desktop/VIO_autonomous_drone/ros2_ws/build/vio_perception_pipeline/launch/enu_to_ned.launch.py -> /home/group7/Desktop/VIO_autonomous_drone/ros2_ws/install/vio_perception_pipeline/share/vio_perception_pipeline/launch
creating /home/group7/Desktop/VIO_autonomous_drone/ros2_ws/install/vio_perception_pipeline/share/vio_perception_pipeline/config
symbolically linking /home/group7/Desktop/VIO_autonomous_drone/ros2_ws/build/vio_perception_pipeline/config/enu_to_ned.yaml -> /home/group7/Desktop/VIO_autonomous_drone/ros2_ws/install/vio_perception_pipeline/share/vio_perception_pipeline/config
symbolically linking /home/group7/Desktop/VIO_autonomous_drone/ros2_ws/build/vio_perception_pipeline/config/rtabmap_rgbd.yaml -> /home/group7/Desktop/VIO_autonomous_drone/ros2_ws/install/vio_perception_pipeline/share/vio_perception_pipeline/config
symbolically linking /home/group7/Desktop/VIO_autonomous_drone/ros2_ws/build/vio_perception_pipeline/config/depthai_camera.yaml -> /home/group7/Desktop/VIO_autonomous_drone/ros2_ws/install/vio_perception_pipeline/share/vio_perception_pipeline/config
creating /home/group7/Desktop/VIO_autonomous_drone/ros2_ws/install/vio_perception_pipeline/share/vio_perception_pipeline/config/rviz
symbolically linking /home/group7/Desktop/VIO_autonomous_drone/ros2_ws/build/vio_perception_pipeline/config/rviz/enu_ned_comparison.rviz -> /home/group7/Desktop/VIO_autonomous_drone/ros2_ws/install/vio_perception_pipeline/share/vio_perception_pipeline/config/rviz
symbolically linking /home/group7/Desktop/VIO_autonomous_drone/ros2_ws/build/vio_perception_pipeline/config/rviz/rgbd.rviz -> /home/group7/Desktop/VIO_autonomous_drone/ros2_ws/install/vio_perception_pipeline/share/vio_perception_pipeline/config/rviz
