[0.603s] DEBUG:colcon:Command line arguments: ['/usr/bin/colcon', 'build', '--symlink-install']
[0.603s] DEBUG:colcon:Parsed command line arguments: Namespace(log_base=None, log_level=None, verb_name='build', build_base='build', install_base='install', merge_install=False, symlink_install=True, test_result_base=None, continue_on_error=False, executor='parallel', parallel_workers=6, event_handlers=None, ignore_user_meta=False, metas=['./colcon.meta'], base_paths=['.'], packages_ignore=None, packages_ignore_regex=None, paths=None, packages_up_to=None, packages_up_to_regex=None, packages_above=None, packages_above_and_dependencies=None, packages_above_depth=None, packages_select_by_dep=None, packages_skip_by_dep=None, packages_skip_up_to=None, packages_select_build_failed=False, packages_skip_build_finished=False, packages_select_test_failures=False, packages_skip_test_passed=False, packages_select=None, packages_skip=None, packages_select_regex=None, packages_skip_regex=None, packages_start=None, packages_end=None, allow_overriding=[], cmake_args=None, cmake_target=None, cmake_target_skip_unavailable=False, cmake_clean_cache=False, cmake_clean_first=False, cmake_force_configure=False, ament_cmake_args=None, catkin_cmake_args=None, catkin_skip_building_tests=False, mixin_files=None, mixin=None, verb_parser=<colcon_mixin.mixin.mixin_argument.MixinArgumentDecorator object at 0xffff7dcd92d0>, verb_extension=<colcon_core.verb.build.BuildVerb object at 0xffff7dd6f700>, main=<bound method BuildVerb.main of <colcon_core.verb.build.BuildVerb object at 0xffff7dd6f700>>, mixin_verb=('build',))
[1.827s] Level 1:colcon.colcon_core.package_discovery:discover_packages(colcon_meta) check parameters
[1.828s] Level 1:colcon.colcon_core.package_discovery:discover_packages(recursive) check parameters
[1.828s] Level 1:colcon.colcon_core.package_discovery:discover_packages(ignore) check parameters
[1.828s] Level 1:colcon.colcon_core.package_discovery:discover_packages(path) check parameters
[1.828s] Level 1:colcon.colcon_core.package_discovery:discover_packages(colcon_meta) discover
[1.828s] Level 1:colcon.colcon_core.package_discovery:discover_packages(recursive) discover
[1.828s] INFO:colcon.colcon_core.package_discovery:Crawling recursively for packages in '/home/group7/Desktop/VIO_autonomous_drone/ros2_ws/src'
[1.829s] Level 1:colcon.colcon_core.package_identification:_identify(.) by extensions ['ignore', 'ignore_ament_install']
[1.874s] Level 1:colcon.colcon_core.package_identification:_identify(.) by extension 'ignore'
[1.874s] Level 1:colcon.colcon_core.package_identification:_identify(.) by extension 'ignore_ament_install'
[1.874s] Level 1:colcon.colcon_core.package_identification:_identify(.) by extensions ['colcon_pkg']
[1.874s] Level 1:colcon.colcon_core.package_identification:_identify(.) by extension 'colcon_pkg'
[1.875s] Level 1:colcon.colcon_core.package_identification:_identify(.) by extensions ['colcon_meta']
[1.875s] Level 1:colcon.colcon_core.package_identification:_identify(.) by extension 'colcon_meta'
[1.875s] Level 1:colcon.colcon_core.package_identification:_identify(.) by extensions ['ros']
[1.875s] Level 1:colcon.colcon_core.package_identification:_identify(.) by extension 'ros'
[1.896s] Level 1:colcon.colcon_core.package_identification:_identify(.) by extensions ['cmake', 'python']
[1.896s] Level 1:colcon.colcon_core.package_identification:_identify(.) by extension 'cmake'
[1.896s] Level 1:colcon.colcon_core.package_identification:_identify(.) by extension 'python'
[1.897s] Level 1:colcon.colcon_core.package_identification:_identify(.) by extensions ['python_setup_py']
[1.897s] Level 1:colcon.colcon_core.package_identification:_identify(.) by extension 'python_setup_py'
[1.897s] Level 1:colcon.colcon_core.package_identification:_identify(build) by extensions ['ignore', 'ignore_ament_install']
[1.897s] Level 1:colcon.colcon_core.package_identification:_identify(build) by extension 'ignore'
[1.897s] Level 1:colcon.colcon_core.package_identification:_identify(build) ignored
[1.897s] Level 1:colcon.colcon_core.package_identification:_identify(install) by extensions ['ignore', 'ignore_ament_install']
[1.898s] Level 1:colcon.colcon_core.package_identification:_identify(install) by extension 'ignore'
[1.898s] Level 1:colcon.colcon_core.package_identification:_identify(install) ignored
[1.898s] Level 1:colcon.colcon_core.package_identification:_identify(log) by extensions ['ignore', 'ignore_ament_install']
[1.898s] Level 1:colcon.colcon_core.package_identification:_identify(log) by extension 'ignore'
[1.898s] Level 1:colcon.colcon_core.package_identification:_identify(log) ignored
[1.898s] Level 1:colcon.colcon_core.package_identification:_identify(vio_perception_pipeline) by extensions ['ignore', 'ignore_ament_install']
[1.898s] Level 1:colcon.colcon_core.package_identification:_identify(vio_perception_pipeline) by extension 'ignore'
[1.899s] Level 1:colcon.colcon_core.package_identification:_identify(vio_perception_pipeline) by extension 'ignore_ament_install'
[1.899s] Level 1:colcon.colcon_core.package_identification:_identify(vio_perception_pipeline) by extensions ['colcon_pkg']
[1.899s] Level 1:colcon.colcon_core.package_identification:_identify(vio_perception_pipeline) by extension 'colcon_pkg'
[1.899s] Level 1:colcon.colcon_core.package_identification:_identify(vio_perception_pipeline) by extensions ['colcon_meta']
[1.899s] Level 1:colcon.colcon_core.package_identification:_identify(vio_perception_pipeline) by extension 'colcon_meta'
[1.899s] Level 1:colcon.colcon_core.package_identification:_identify(vio_perception_pipeline) by extensions ['ros']
[1.899s] Level 1:colcon.colcon_core.package_identification:_identify(vio_perception_pipeline) by extension 'ros'
[1.909s] DEBUG:colcon.colcon_core.package_identification:Package 'vio_perception_pipeline' with type 'ros.ament_python' and name 'vio_perception_pipeline'
[1.909s] Level 1:colcon.colcon_core.package_discovery:discover_packages(recursive) using defaults
[1.909s] Level 1:colcon.colcon_core.package_discovery:discover_packages(ignore) discover
[1.909s] Level 1:colcon.colcon_core.package_discovery:discover_packages(ignore) using defaults
[1.909s] Level 1:colcon.colcon_core.package_discovery:discover_packages(path) discover
[1.909s] Level 1:colcon.colcon_core.package_discovery:discover_packages(path) using defaults
[1.992s] Level 1:colcon.colcon_core.package_discovery:discover_packages(prefix_path) check parameters
[1.992s] Level 1:colcon.colcon_core.package_discovery:discover_packages(prefix_path) discover
[2.002s] DEBUG:colcon.colcon_installed_package_information.package_discovery:Found 5 installed packages in /home/group7/Desktop/Autonomous-Drone/ros2_ws/install
[2.005s] DEBUG:colcon.colcon_installed_package_information.package_discovery:Found 395 installed packages in /opt/ros/humble
[2.008s] Level 1:colcon.colcon_core.package_discovery:discover_packages(prefix_path) using defaults
[2.154s] Level 5:colcon.colcon_core.verb:set package 'vio_perception_pipeline' build argument 'cmake_args' from command line to 'None'
[2.155s] Level 5:colcon.colcon_core.verb:set package 'vio_perception_pipeline' build argument 'cmake_target' from command line to 'None'
[2.155s] Level 5:colcon.colcon_core.verb:set package 'vio_perception_pipeline' build argument 'cmake_target_skip_unavailable' from command line to 'False'
[2.155s] Level 5:colcon.colcon_core.verb:set package 'vio_perception_pipeline' build argument 'cmake_clean_cache' from command line to 'False'
[2.155s] Level 5:colcon.colcon_core.verb:set package 'vio_perception_pipeline' build argument 'cmake_clean_first' from command line to 'False'
[2.155s] Level 5:colcon.colcon_core.verb:set package 'vio_perception_pipeline' build argument 'cmake_force_configure' from command line to 'False'
[2.155s] Level 5:colcon.colcon_core.verb:set package 'vio_perception_pipeline' build argument 'ament_cmake_args' from command line to 'None'
[2.155s] Level 5:colcon.colcon_core.verb:set package 'vio_perception_pipeline' build argument 'catkin_cmake_args' from command line to 'None'
[2.155s] Level 5:colcon.colcon_core.verb:set package 'vio_perception_pipeline' build argument 'catkin_skip_building_tests' from command line to 'False'
[2.155s] DEBUG:colcon.colcon_core.verb:Building package 'vio_perception_pipeline' with the following arguments: {'ament_cmake_args': None, 'build_base': '/home/group7/Desktop/VIO_autonomous_drone/ros2_ws/src/build/vio_perception_pipeline', 'catkin_cmake_args': None, 'catkin_skip_building_tests': False, 'cmake_args': None, 'cmake_clean_cache': False, 'cmake_clean_first': False, 'cmake_force_configure': False, 'cmake_target': None, 'cmake_target_skip_unavailable': False, 'install_base': '/home/group7/Desktop/VIO_autonomous_drone/ros2_ws/src/install/vio_perception_pipeline', 'merge_install': False, 'path': '/home/group7/Desktop/VIO_autonomous_drone/ros2_ws/src/vio_perception_pipeline', 'symlink_install': True, 'test_result_base': None}
[2.155s] INFO:colcon.colcon_core.executor:Executing jobs using 'parallel' executor
[2.158s] DEBUG:colcon.colcon_parallel_executor.executor.parallel:run_until_complete
[2.158s] INFO:colcon.colcon_ros.task.ament_python.build:Building ROS package in '/home/group7/Desktop/VIO_autonomous_drone/ros2_ws/src/vio_perception_pipeline' with build type 'ament_python'
[2.158s] Level 1:colcon.colcon_core.shell:create_environment_hook('vio_perception_pipeline', 'ament_prefix_path')
[2.172s] INFO:colcon.colcon_core.plugin_system:Skipping extension 'colcon_core.shell.bat': Not used on non-Windows systems
[2.172s] INFO:colcon.colcon_core.shell:Creating environment hook '/home/group7/Desktop/VIO_autonomous_drone/ros2_ws/src/install/vio_perception_pipeline/share/vio_perception_pipeline/hook/ament_prefix_path.ps1'
[2.175s] INFO:colcon.colcon_core.shell:Creating environment descriptor '/home/group7/Desktop/VIO_autonomous_drone/ros2_ws/src/install/vio_perception_pipeline/share/vio_perception_pipeline/hook/ament_prefix_path.dsv'
[2.177s] INFO:colcon.colcon_core.shell:Creating environment hook '/home/group7/Desktop/VIO_autonomous_drone/ros2_ws/src/install/vio_perception_pipeline/share/vio_perception_pipeline/hook/ament_prefix_path.sh'
[2.178s] INFO:colcon.colcon_core.shell:Skip shell extension 'powershell' for command environment: Not usable outside of PowerShell
[2.179s] DEBUG:colcon.colcon_core.shell:Skip shell extension 'dsv' for command environment
[2.705s] INFO:colcon.colcon_core.task.python.build:Building Python package in '/home/group7/Desktop/VIO_autonomous_drone/ros2_ws/src/vio_perception_pipeline'
[2.705s] INFO:colcon.colcon_core.shell:Skip shell extension 'powershell' for command environment: Not usable outside of PowerShell
[2.706s] DEBUG:colcon.colcon_core.shell:Skip shell extension 'dsv' for command environment
[3.651s] DEBUG:colcon.colcon_core.event_handler.log_command:Invoking command in '/home/group7/Desktop/VIO_autonomous_drone/ros2_ws/src/build/vio_perception_pipeline': PYTHONPATH=/home/group7/Desktop/VIO_autonomous_drone/ros2_ws/src/build/vio_perception_pipeline/prefix_override:/usr/lib/python3/dist-packages/colcon_core/task/python/colcon_distutils_commands:/home/group7/Desktop/VIO_autonomous_drone/ros2_ws/src/install/vio_perception_pipeline/lib/python3.10/site-packages:${PYTHONPATH} /usr/bin/python3 -W ignore:setup.py install is deprecated -W ignore:easy_install command is deprecated setup.py develop --editable --build-directory /home/group7/Desktop/VIO_autonomous_drone/ros2_ws/src/build/vio_perception_pipeline/build --no-deps symlink_data
[4.561s] DEBUG:colcon.colcon_core.event_handler.log_command:Invoked command in '/home/group7/Desktop/VIO_autonomous_drone/ros2_ws/src/build/vio_perception_pipeline' returned '1': PYTHONPATH=/home/group7/Desktop/VIO_autonomous_drone/ros2_ws/src/build/vio_perception_pipeline/prefix_override:/usr/lib/python3/dist-packages/colcon_core/task/python/colcon_distutils_commands:/home/group7/Desktop/VIO_autonomous_drone/ros2_ws/src/install/vio_perception_pipeline/lib/python3.10/site-packages:${PYTHONPATH} /usr/bin/python3 -W ignore:setup.py install is deprecated -W ignore:easy_install command is deprecated setup.py develop --editable --build-directory /home/group7/Desktop/VIO_autonomous_drone/ros2_ws/src/build/vio_perception_pipeline/build --no-deps symlink_data
[4.569s] DEBUG:colcon.colcon_parallel_executor.executor.parallel:closing loop
[4.570s] DEBUG:colcon.colcon_parallel_executor.executor.parallel:loop closed
[4.571s] DEBUG:colcon.colcon_parallel_executor.executor.parallel:run_until_complete finished with '1'
[4.571s] DEBUG:colcon.colcon_core.event_reactor:joining thread
[4.592s] INFO:colcon.colcon_core.plugin_system:Skipping extension 'colcon_notification.desktop_notification.terminal_notifier': Not used on non-Darwin systems
[4.592s] INFO:colcon.colcon_core.plugin_system:Skipping extension 'colcon_notification.desktop_notification.win32': Not used on non-Windows systems
[4.592s] INFO:colcon.colcon_notification.desktop_notification:Sending desktop notification using 'notify2'
[4.646s] DEBUG:colcon.colcon_core.event_reactor:joined thread
[4.647s] INFO:colcon.colcon_core.shell:Creating prefix script '/home/group7/Desktop/VIO_autonomous_drone/ros2_ws/src/install/local_setup.ps1'
[4.651s] INFO:colcon.colcon_core.shell:Creating prefix util module '/home/group7/Desktop/VIO_autonomous_drone/ros2_ws/src/install/_local_setup_util_ps1.py'
[4.654s] INFO:colcon.colcon_core.shell:Creating prefix chain script '/home/group7/Desktop/VIO_autonomous_drone/ros2_ws/src/install/setup.ps1'
[4.658s] INFO:colcon.colcon_core.shell:Creating prefix script '/home/group7/Desktop/VIO_autonomous_drone/ros2_ws/src/install/local_setup.sh'
[4.661s] INFO:colcon.colcon_core.shell:Creating prefix util module '/home/group7/Desktop/VIO_autonomous_drone/ros2_ws/src/install/_local_setup_util_sh.py'
[4.663s] INFO:colcon.colcon_core.shell:Creating prefix chain script '/home/group7/Desktop/VIO_autonomous_drone/ros2_ws/src/install/setup.sh'
[4.666s] INFO:colcon.colcon_core.shell:Creating prefix script '/home/group7/Desktop/VIO_autonomous_drone/ros2_ws/src/install/local_setup.bash'
[4.668s] INFO:colcon.colcon_core.shell:Creating prefix chain script '/home/group7/Desktop/VIO_autonomous_drone/ros2_ws/src/install/setup.bash'
[4.671s] INFO:colcon.colcon_core.shell:Creating prefix script '/home/group7/Desktop/VIO_autonomous_drone/ros2_ws/src/install/local_setup.zsh'
[4.674s] INFO:colcon.colcon_core.shell:Creating prefix chain script '/home/group7/Desktop/VIO_autonomous_drone/ros2_ws/src/install/setup.zsh'
