running egg_info
creating ../build/vio_perception_pipeline/vio_perception_pipeline.egg-info
writing ../build/vio_perception_pipeline/vio_perception_pipeline.egg-info/PKG-INFO
writing dependency_links to ../build/vio_perception_pipeline/vio_perception_pipeline.egg-info/dependency_links.txt
writing requirements to ../build/vio_perception_pipeline/vio_perception_pipeline.egg-info/requires.txt
writing top-level names to ../build/vio_perception_pipeline/vio_perception_pipeline.egg-info/top_level.txt
writing manifest file '../build/vio_perception_pipeline/vio_perception_pipeline.egg-info/SOURCES.txt'
reading manifest file '../build/vio_perception_pipeline/vio_perception_pipeline.egg-info/SOURCES.txt'
writing manifest file '../build/vio_perception_pipeline/vio_perception_pipeline.egg-info/SOURCES.txt'
running build
running install
running install_data
creating /home/group7/Desktop/VIO_autonomous_drone/ros2_ws/src/install/vio_perception_pipeline/share/ament_index
creating /home/group7/Desktop/VIO_autonomous_drone/ros2_ws/src/install/vio_perception_pipeline/share/ament_index/resource_index
creating /home/group7/Desktop/VIO_autonomous_drone/ros2_ws/src/install/vio_perception_pipeline/share/ament_index/resource_index/packages
copying resource/vio_perception_pipeline -> /home/group7/Desktop/VIO_autonomous_drone/ros2_ws/src/install/vio_perception_pipeline/share/ament_index/resource_index/packages
copying package.xml -> /home/group7/Desktop/VIO_autonomous_drone/ros2_ws/src/install/vio_perception_pipeline/share/vio_perception_pipeline
creating /home/group7/Desktop/VIO_autonomous_drone/ros2_ws/src/install/vio_perception_pipeline/share/vio_perception_pipeline/launch
copying launch/camera.launch.py -> /home/group7/Desktop/VIO_autonomous_drone/ros2_ws/src/install/vio_perception_pipeline/share/vio_perception_pipeline/launch
copying launch/rtabmap.launch.py -> /home/group7/Desktop/VIO_autonomous_drone/ros2_ws/src/install/vio_perception_pipeline/share/vio_perception_pipeline/launch
creating /home/group7/Desktop/VIO_autonomous_drone/ros2_ws/src/install/vio_perception_pipeline/share/vio_perception_pipeline/config
copying config/rtabmap_rgbd.yaml -> /home/group7/Desktop/VIO_autonomous_drone/ros2_ws/src/install/vio_perception_pipeline/share/vio_perception_pipeline/config
copying config/depthai_camera.yaml -> /home/group7/Desktop/VIO_autonomous_drone/ros2_ws/src/install/vio_perception_pipeline/share/vio_perception_pipeline/config
creating /home/group7/Desktop/VIO_autonomous_drone/ros2_ws/src/install/vio_perception_pipeline/share/vio_perception_pipeline/config/rviz
copying config/rviz/rgbd.rviz -> /home/group7/Desktop/VIO_autonomous_drone/ros2_ws/src/install/vio_perception_pipeline/share/vio_perception_pipeline/config/rviz
running install_egg_info
Copying ../build/vio_perception_pipeline/vio_perception_pipeline.egg-info to /home/group7/Desktop/VIO_autonomous_drone/ros2_ws/src/install/vio_perception_pipeline/lib/python3.10/site-packages/vio_perception_pipeline-0.0.0-py3.10.egg-info
running install_scripts
writing list of installed files to '/home/group7/Desktop/VIO_autonomous_drone/ros2_ws/src/build/vio_perception_pipeline/install.log'
