[1.040s] DEBUG:colcon:Command line arguments: ['/usr/bin/colcon', 'build']
[1.040s] DEBUG:colcon:Parsed command line arguments: Namespace(log_base=None, log_level=None, verb_name='build', build_base='build', install_base='install', merge_install=False, symlink_install=False, test_result_base=None, continue_on_error=False, executor='parallel', parallel_workers=6, event_handlers=None, ignore_user_meta=False, metas=['./colcon.meta'], base_paths=['.'], packages_ignore=None, packages_ignore_regex=None, paths=None, packages_up_to=None, packages_up_to_regex=None, packages_above=None, packages_above_and_dependencies=None, packages_above_depth=None, packages_select_by_dep=None, packages_skip_by_dep=None, packages_skip_up_to=None, packages_select_build_failed=False, packages_skip_build_finished=False, packages_select_test_failures=False, packages_skip_test_passed=False, packages_select=None, packages_skip=None, packages_select_regex=None, packages_skip_regex=None, packages_start=None, packages_end=None, allow_overriding=[], cmake_args=None, cmake_target=None, cmake_target_skip_unavailable=False, cmake_clean_cache=False, cmake_clean_first=False, cmake_force_configure=False, ament_cmake_args=None, catkin_cmake_args=None, catkin_skip_building_tests=False, mixin_files=None, mixin=None, verb_parser=<colcon_mixin.mixin.mixin_argument.MixinArgumentDecorator object at 0xffff878cd780>, verb_extension=<colcon_core.verb.build.BuildVerb object at 0xffff87a0ba30>, main=<bound method BuildVerb.main of <colcon_core.verb.build.BuildVerb object at 0xffff87a0ba30>>, mixin_verb=('build',))
[1.687s] Level 1:colcon.colcon_core.package_discovery:discover_packages(colcon_meta) check parameters
[1.687s] Level 1:colcon.colcon_core.package_discovery:discover_packages(recursive) check parameters
[1.687s] Level 1:colcon.colcon_core.package_discovery:discover_packages(ignore) check parameters
[1.687s] Level 1:colcon.colcon_core.package_discovery:discover_packages(path) check parameters
[1.687s] Level 1:colcon.colcon_core.package_discovery:discover_packages(colcon_meta) discover
[1.687s] Level 1:colcon.colcon_core.package_discovery:discover_packages(recursive) discover
[1.688s] INFO:colcon.colcon_core.package_discovery:Crawling recursively for packages in '/home/group7/Desktop/VIO_autonomous_drone/ros2_ws'
[1.688s] Level 1:colcon.colcon_core.package_identification:_identify(.) by extensions ['ignore', 'ignore_ament_install']
[1.714s] Level 1:colcon.colcon_core.package_identification:_identify(.) by extension 'ignore'
[1.714s] Level 1:colcon.colcon_core.package_identification:_identify(.) by extension 'ignore_ament_install'
[1.714s] Level 1:colcon.colcon_core.package_identification:_identify(.) by extensions ['colcon_pkg']
[1.715s] Level 1:colcon.colcon_core.package_identification:_identify(.) by extension 'colcon_pkg'
[1.715s] Level 1:colcon.colcon_core.package_identification:_identify(.) by extensions ['colcon_meta']
[1.715s] Level 1:colcon.colcon_core.package_identification:_identify(.) by extension 'colcon_meta'
[1.715s] Level 1:colcon.colcon_core.package_identification:_identify(.) by extensions ['ros']
[1.715s] Level 1:colcon.colcon_core.package_identification:_identify(.) by extension 'ros'
[1.745s] Level 1:colcon.colcon_core.package_identification:_identify(.) by extensions ['cmake', 'python']
[1.745s] Level 1:colcon.colcon_core.package_identification:_identify(.) by extension 'cmake'
[1.745s] Level 1:colcon.colcon_core.package_identification:_identify(.) by extension 'python'
[1.745s] Level 1:colcon.colcon_core.package_identification:_identify(.) by extensions ['python_setup_py']
[1.745s] Level 1:colcon.colcon_core.package_identification:_identify(.) by extension 'python_setup_py'
[1.745s] Level 1:colcon.colcon_core.package_identification:_identify(build) by extensions ['ignore', 'ignore_ament_install']
[1.746s] Level 1:colcon.colcon_core.package_identification:_identify(build) by extension 'ignore'
[1.746s] Level 1:colcon.colcon_core.package_identification:_identify(build) ignored
[1.746s] Level 1:colcon.colcon_core.package_identification:_identify(install) by extensions ['ignore', 'ignore_ament_install']
[1.746s] Level 1:colcon.colcon_core.package_identification:_identify(install) by extension 'ignore'
[1.746s] Level 1:colcon.colcon_core.package_identification:_identify(install) ignored
[1.747s] Level 1:colcon.colcon_core.package_identification:_identify(log) by extensions ['ignore', 'ignore_ament_install']
[1.747s] Level 1:colcon.colcon_core.package_identification:_identify(log) by extension 'ignore'
[1.747s] Level 1:colcon.colcon_core.package_identification:_identify(log) ignored
[1.747s] Level 1:colcon.colcon_core.package_identification:_identify(src) by extensions ['ignore', 'ignore_ament_install']
[1.747s] Level 1:colcon.colcon_core.package_identification:_identify(src) by extension 'ignore'
[1.747s] Level 1:colcon.colcon_core.package_identification:_identify(src) by extension 'ignore_ament_install'
[1.747s] Level 1:colcon.colcon_core.package_identification:_identify(src) by extensions ['colcon_pkg']
[1.747s] Level 1:colcon.colcon_core.package_identification:_identify(src) by extension 'colcon_pkg'
[1.748s] Level 1:colcon.colcon_core.package_identification:_identify(src) by extensions ['colcon_meta']
[1.748s] Level 1:colcon.colcon_core.package_identification:_identify(src) by extension 'colcon_meta'
[1.748s] Level 1:colcon.colcon_core.package_identification:_identify(src) by extensions ['ros']
[1.748s] Level 1:colcon.colcon_core.package_identification:_identify(src) by extension 'ros'
[1.748s] Level 1:colcon.colcon_core.package_identification:_identify(src) by extensions ['cmake', 'python']
[1.748s] Level 1:colcon.colcon_core.package_identification:_identify(src) by extension 'cmake'
[1.748s] Level 1:colcon.colcon_core.package_identification:_identify(src) by extension 'python'
[1.748s] Level 1:colcon.colcon_core.package_identification:_identify(src) by extensions ['python_setup_py']
[1.748s] Level 1:colcon.colcon_core.package_identification:_identify(src) by extension 'python_setup_py'
[1.750s] Level 1:colcon.colcon_core.package_identification:_identify(src/build) by extensions ['ignore', 'ignore_ament_install']
[1.750s] Level 1:colcon.colcon_core.package_identification:_identify(src/build) by extension 'ignore'
[1.750s] Level 1:colcon.colcon_core.package_identification:_identify(src/build) ignored
[1.750s] Level 1:colcon.colcon_core.package_identification:_identify(src/install) by extensions ['ignore', 'ignore_ament_install']
[1.750s] Level 1:colcon.colcon_core.package_identification:_identify(src/install) by extension 'ignore'
[1.751s] Level 1:colcon.colcon_core.package_identification:_identify(src/install) ignored
[1.751s] Level 1:colcon.colcon_core.package_identification:_identify(src/log) by extensions ['ignore', 'ignore_ament_install']
[1.751s] Level 1:colcon.colcon_core.package_identification:_identify(src/log) by extension 'ignore'
[1.751s] Level 1:colcon.colcon_core.package_identification:_identify(src/log) ignored
[1.751s] Level 1:colcon.colcon_core.package_identification:_identify(src/vio_perception_pipeline) by extensions ['ignore', 'ignore_ament_install']
[1.751s] Level 1:colcon.colcon_core.package_identification:_identify(src/vio_perception_pipeline) by extension 'ignore'
[1.751s] Level 1:colcon.colcon_core.package_identification:_identify(src/vio_perception_pipeline) by extension 'ignore_ament_install'
[1.752s] Level 1:colcon.colcon_core.package_identification:_identify(src/vio_perception_pipeline) by extensions ['colcon_pkg']
[1.752s] Level 1:colcon.colcon_core.package_identification:_identify(src/vio_perception_pipeline) by extension 'colcon_pkg'
[1.752s] Level 1:colcon.colcon_core.package_identification:_identify(src/vio_perception_pipeline) by extensions ['colcon_meta']
[1.752s] Level 1:colcon.colcon_core.package_identification:_identify(src/vio_perception_pipeline) by extension 'colcon_meta'
[1.752s] Level 1:colcon.colcon_core.package_identification:_identify(src/vio_perception_pipeline) by extensions ['ros']
[1.752s] Level 1:colcon.colcon_core.package_identification:_identify(src/vio_perception_pipeline) by extension 'ros'
[1.758s] DEBUG:colcon.colcon_core.package_identification:Package 'src/vio_perception_pipeline' with type 'ros.ament_python' and name 'vio_perception_pipeline'
[1.759s] Level 1:colcon.colcon_core.package_discovery:discover_packages(recursive) using defaults
[1.759s] Level 1:colcon.colcon_core.package_discovery:discover_packages(ignore) discover
[1.759s] Level 1:colcon.colcon_core.package_discovery:discover_packages(ignore) using defaults
[1.759s] Level 1:colcon.colcon_core.package_discovery:discover_packages(path) discover
[1.759s] Level 1:colcon.colcon_core.package_discovery:discover_packages(path) using defaults
[1.824s] Level 1:colcon.colcon_core.package_discovery:discover_packages(prefix_path) check parameters
[1.824s] Level 1:colcon.colcon_core.package_discovery:discover_packages(prefix_path) discover
[1.832s] DEBUG:colcon.colcon_installed_package_information.package_discovery:Found 1 installed packages in /home/group7/Desktop/VIO_autonomous_drone/ros2_ws/install
[1.840s] DEBUG:colcon.colcon_installed_package_information.package_discovery:Found 5 installed packages in /home/group7/Desktop/Autonomous-Drone/ros2_ws/install
[1.845s] DEBUG:colcon.colcon_installed_package_information.package_discovery:Found 395 installed packages in /opt/ros/humble
[1.849s] Level 1:colcon.colcon_core.package_discovery:discover_packages(prefix_path) using defaults
[2.122s] Level 5:colcon.colcon_core.verb:set package 'vio_perception_pipeline' build argument 'cmake_args' from command line to 'None'
[2.122s] Level 5:colcon.colcon_core.verb:set package 'vio_perception_pipeline' build argument 'cmake_target' from command line to 'None'
[2.122s] Level 5:colcon.colcon_core.verb:set package 'vio_perception_pipeline' build argument 'cmake_target_skip_unavailable' from command line to 'False'
[2.122s] Level 5:colcon.colcon_core.verb:set package 'vio_perception_pipeline' build argument 'cmake_clean_cache' from command line to 'False'
[2.123s] Level 5:colcon.colcon_core.verb:set package 'vio_perception_pipeline' build argument 'cmake_clean_first' from command line to 'False'
[2.123s] Level 5:colcon.colcon_core.verb:set package 'vio_perception_pipeline' build argument 'cmake_force_configure' from command line to 'False'
[2.123s] Level 5:colcon.colcon_core.verb:set package 'vio_perception_pipeline' build argument 'ament_cmake_args' from command line to 'None'
[2.123s] Level 5:colcon.colcon_core.verb:set package 'vio_perception_pipeline' build argument 'catkin_cmake_args' from command line to 'None'
[2.123s] Level 5:colcon.colcon_core.verb:set package 'vio_perception_pipeline' build argument 'catkin_skip_building_tests' from command line to 'False'
[2.123s] DEBUG:colcon.colcon_core.verb:Building package 'vio_perception_pipeline' with the following arguments: {'ament_cmake_args': None, 'build_base': '/home/group7/Desktop/VIO_autonomous_drone/ros2_ws/build/vio_perception_pipeline', 'catkin_cmake_args': None, 'catkin_skip_building_tests': False, 'cmake_args': None, 'cmake_clean_cache': False, 'cmake_clean_first': False, 'cmake_force_configure': False, 'cmake_target': None, 'cmake_target_skip_unavailable': False, 'install_base': '/home/group7/Desktop/VIO_autonomous_drone/ros2_ws/install/vio_perception_pipeline', 'merge_install': False, 'path': '/home/group7/Desktop/VIO_autonomous_drone/ros2_ws/src/vio_perception_pipeline', 'symlink_install': False, 'test_result_base': None}
[2.123s] INFO:colcon.colcon_core.executor:Executing jobs using 'parallel' executor
[2.125s] DEBUG:colcon.colcon_parallel_executor.executor.parallel:run_until_complete
[2.126s] INFO:colcon.colcon_ros.task.ament_python.build:Building ROS package in '/home/group7/Desktop/VIO_autonomous_drone/ros2_ws/src/vio_perception_pipeline' with build type 'ament_python'
[2.126s] Level 1:colcon.colcon_core.shell:create_environment_hook('vio_perception_pipeline', 'ament_prefix_path')
[2.138s] INFO:colcon.colcon_core.plugin_system:Skipping extension 'colcon_core.shell.bat': Not used on non-Windows systems
[2.139s] INFO:colcon.colcon_core.shell:Creating environment hook '/home/group7/Desktop/VIO_autonomous_drone/ros2_ws/install/vio_perception_pipeline/share/vio_perception_pipeline/hook/ament_prefix_path.ps1'
[2.141s] INFO:colcon.colcon_core.shell:Creating environment descriptor '/home/group7/Desktop/VIO_autonomous_drone/ros2_ws/install/vio_perception_pipeline/share/vio_perception_pipeline/hook/ament_prefix_path.dsv'
[2.143s] INFO:colcon.colcon_core.shell:Creating environment hook '/home/group7/Desktop/VIO_autonomous_drone/ros2_ws/install/vio_perception_pipeline/share/vio_perception_pipeline/hook/ament_prefix_path.sh'
[2.146s] INFO:colcon.colcon_core.shell:Skip shell extension 'powershell' for command environment: Not usable outside of PowerShell
[2.146s] DEBUG:colcon.colcon_core.shell:Skip shell extension 'dsv' for command environment
[2.679s] INFO:colcon.colcon_core.task.python.build:Building Python package in '/home/group7/Desktop/VIO_autonomous_drone/ros2_ws/src/vio_perception_pipeline'
[2.680s] INFO:colcon.colcon_core.shell:Skip shell extension 'powershell' for command environment: Not usable outside of PowerShell
[2.680s] DEBUG:colcon.colcon_core.shell:Skip shell extension 'dsv' for command environment
[3.475s] DEBUG:colcon.colcon_core.event_handler.log_command:Invoking command in '/home/group7/Desktop/VIO_autonomous_drone/ros2_ws/src/vio_perception_pipeline': PYTHONPATH=/home/group7/Desktop/VIO_autonomous_drone/ros2_ws/build/vio_perception_pipeline/prefix_override:/usr/lib/python3/dist-packages/colcon_core/task/python/colcon_distutils_commands:/home/group7/Desktop/VIO_autonomous_drone/ros2_ws/install/vio_perception_pipeline/lib/python3.10/site-packages:${PYTHONPATH} /usr/bin/python3 -W ignore:setup.py install is deprecated -W ignore:easy_install command is deprecated setup.py egg_info --egg-base ../../build/vio_perception_pipeline build --build-base /home/group7/Desktop/VIO_autonomous_drone/ros2_ws/build/vio_perception_pipeline/build install --record /home/group7/Desktop/VIO_autonomous_drone/ros2_ws/build/vio_perception_pipeline/install.log --single-version-externally-managed install_data
[4.055s] DEBUG:colcon.colcon_core.event_handler.log_command:Invoked command in '/home/group7/Desktop/VIO_autonomous_drone/ros2_ws/src/vio_perception_pipeline' returned '0': PYTHONPATH=/home/group7/Desktop/VIO_autonomous_drone/ros2_ws/build/vio_perception_pipeline/prefix_override:/usr/lib/python3/dist-packages/colcon_core/task/python/colcon_distutils_commands:/home/group7/Desktop/VIO_autonomous_drone/ros2_ws/install/vio_perception_pipeline/lib/python3.10/site-packages:${PYTHONPATH} /usr/bin/python3 -W ignore:setup.py install is deprecated -W ignore:easy_install command is deprecated setup.py egg_info --egg-base ../../build/vio_perception_pipeline build --build-base /home/group7/Desktop/VIO_autonomous_drone/ros2_ws/build/vio_perception_pipeline/build install --record /home/group7/Desktop/VIO_autonomous_drone/ros2_ws/build/vio_perception_pipeline/install.log --single-version-externally-managed install_data
[4.074s] Level 1:colcon.colcon_core.environment:checking '/home/group7/Desktop/VIO_autonomous_drone/ros2_ws/install/vio_perception_pipeline' for CMake module files
[4.076s] Level 1:colcon.colcon_core.environment:checking '/home/group7/Desktop/VIO_autonomous_drone/ros2_ws/install/vio_perception_pipeline' for CMake config files
[4.079s] Level 1:colcon.colcon_core.environment:checking '/home/group7/Desktop/VIO_autonomous_drone/ros2_ws/install/vio_perception_pipeline/lib'
[4.080s] Level 1:colcon.colcon_core.environment:checking '/home/group7/Desktop/VIO_autonomous_drone/ros2_ws/install/vio_perception_pipeline/bin'
[4.080s] Level 1:colcon.colcon_core.environment:checking '/home/group7/Desktop/VIO_autonomous_drone/ros2_ws/install/vio_perception_pipeline/lib/pkgconfig/vio_perception_pipeline.pc'
[4.081s] Level 1:colcon.colcon_core.environment:checking '/home/group7/Desktop/VIO_autonomous_drone/ros2_ws/install/vio_perception_pipeline/lib/python3.10/site-packages'
[4.081s] Level 1:colcon.colcon_core.shell:create_environment_hook('vio_perception_pipeline', 'pythonpath')
[4.082s] INFO:colcon.colcon_core.shell:Creating environment hook '/home/group7/Desktop/VIO_autonomous_drone/ros2_ws/install/vio_perception_pipeline/share/vio_perception_pipeline/hook/pythonpath.ps1'
[4.084s] INFO:colcon.colcon_core.shell:Creating environment descriptor '/home/group7/Desktop/VIO_autonomous_drone/ros2_ws/install/vio_perception_pipeline/share/vio_perception_pipeline/hook/pythonpath.dsv'
[4.086s] INFO:colcon.colcon_core.shell:Creating environment hook '/home/group7/Desktop/VIO_autonomous_drone/ros2_ws/install/vio_perception_pipeline/share/vio_perception_pipeline/hook/pythonpath.sh'
[4.089s] Level 1:colcon.colcon_core.environment:checking '/home/group7/Desktop/VIO_autonomous_drone/ros2_ws/install/vio_perception_pipeline/bin'
[4.089s] Level 1:colcon.colcon_core.environment:create_environment_scripts_only(vio_perception_pipeline)
[4.091s] INFO:colcon.colcon_core.shell:Creating package script '/home/group7/Desktop/VIO_autonomous_drone/ros2_ws/install/vio_perception_pipeline/share/vio_perception_pipeline/package.ps1'
[4.095s] INFO:colcon.colcon_core.shell:Creating package descriptor '/home/group7/Desktop/VIO_autonomous_drone/ros2_ws/install/vio_perception_pipeline/share/vio_perception_pipeline/package.dsv'
[4.098s] INFO:colcon.colcon_core.shell:Creating package script '/home/group7/Desktop/VIO_autonomous_drone/ros2_ws/install/vio_perception_pipeline/share/vio_perception_pipeline/package.sh'
[4.102s] INFO:colcon.colcon_core.shell:Creating package script '/home/group7/Desktop/VIO_autonomous_drone/ros2_ws/install/vio_perception_pipeline/share/vio_perception_pipeline/package.bash'
[4.107s] INFO:colcon.colcon_core.shell:Creating package script '/home/group7/Desktop/VIO_autonomous_drone/ros2_ws/install/vio_perception_pipeline/share/vio_perception_pipeline/package.zsh'
[4.111s] Level 1:colcon.colcon_core.environment:create_file_with_runtime_dependencies(/home/group7/Desktop/VIO_autonomous_drone/ros2_ws/install/vio_perception_pipeline/share/colcon-core/packages/vio_perception_pipeline)
[4.112s] DEBUG:colcon.colcon_parallel_executor.executor.parallel:closing loop
[4.114s] DEBUG:colcon.colcon_parallel_executor.executor.parallel:loop closed
[4.114s] DEBUG:colcon.colcon_parallel_executor.executor.parallel:run_until_complete finished with '0'
[4.114s] DEBUG:colcon.colcon_core.event_reactor:joining thread
[4.149s] INFO:colcon.colcon_core.plugin_system:Skipping extension 'colcon_notification.desktop_notification.terminal_notifier': Not used on non-Darwin systems
[4.150s] INFO:colcon.colcon_core.plugin_system:Skipping extension 'colcon_notification.desktop_notification.win32': Not used on non-Windows systems
[4.150s] INFO:colcon.colcon_notification.desktop_notification:Sending desktop notification using 'notify2'
[4.222s] DEBUG:colcon.colcon_core.event_reactor:joined thread
[4.224s] INFO:colcon.colcon_core.shell:Creating prefix script '/home/group7/Desktop/VIO_autonomous_drone/ros2_ws/install/local_setup.ps1'
[4.230s] INFO:colcon.colcon_core.shell:Creating prefix util module '/home/group7/Desktop/VIO_autonomous_drone/ros2_ws/install/_local_setup_util_ps1.py'
[4.235s] INFO:colcon.colcon_core.shell:Creating prefix chain script '/home/group7/Desktop/VIO_autonomous_drone/ros2_ws/install/setup.ps1'
[4.239s] INFO:colcon.colcon_core.shell:Creating prefix script '/home/group7/Desktop/VIO_autonomous_drone/ros2_ws/install/local_setup.sh'
[4.241s] INFO:colcon.colcon_core.shell:Creating prefix util module '/home/group7/Desktop/VIO_autonomous_drone/ros2_ws/install/_local_setup_util_sh.py'
[4.244s] INFO:colcon.colcon_core.shell:Creating prefix chain script '/home/group7/Desktop/VIO_autonomous_drone/ros2_ws/install/setup.sh'
[4.250s] INFO:colcon.colcon_core.shell:Creating prefix script '/home/group7/Desktop/VIO_autonomous_drone/ros2_ws/install/local_setup.bash'
[4.253s] INFO:colcon.colcon_core.shell:Creating prefix chain script '/home/group7/Desktop/VIO_autonomous_drone/ros2_ws/install/setup.bash'
[4.257s] INFO:colcon.colcon_core.shell:Creating prefix script '/home/group7/Desktop/VIO_autonomous_drone/ros2_ws/install/local_setup.zsh'
[4.261s] INFO:colcon.colcon_core.shell:Creating prefix chain script '/home/group7/Desktop/VIO_autonomous_drone/ros2_ws/install/setup.zsh'
