[0.000000] (-) TimerEvent: {}
[0.000214] (vio_perception_pipeline) JobQueued: {'identifier': 'vio_perception_pipeline', 'dependencies': OrderedDict()}
[0.000868] (vio_perception_pipeline) JobStarted: {'identifier': 'vio_perception_pipeline'}
[0.099489] (-) TimerEvent: {}
[0.199831] (-) TimerEvent: {}
[0.300192] (-) TimerEvent: {}
[0.400527] (-) TimerEvent: {}
[0.500887] (-) TimerEvent: {}
[0.601442] (-) TimerEvent: {}
[0.701884] (-) TimerEvent: {}
[0.802321] (-) TimerEvent: {}
[0.902754] (-) TimerEvent: {}
[1.003188] (-) TimerEvent: {}
[1.103627] (-) TimerEvent: {}
[1.198719] (vio_perception_pipeline) Command: {'cmd': ['/usr/bin/python3', '-W', 'ignore:setup.py install is deprecated', '-W', 'ignore:easy_install command is deprecated', 'setup.py', 'egg_info', '--egg-base', '../../build/vio_perception_pipeline', 'build', '--build-base', '/home/group7/Desktop/VIO_autonomous_drone/ros2_ws/build/vio_perception_pipeline/build', 'install', '--record', '/home/group7/Desktop/VIO_autonomous_drone/ros2_ws/build/vio_perception_pipeline/install.log', '--single-version-externally-managed', 'install_data'], 'cwd': '/home/group7/Desktop/VIO_autonomous_drone/ros2_ws/src/vio_perception_pipeline', 'env': {'LESSOPEN': '| /usr/bin/lesspipe %s', 'VSCODE_CWD': '/home/group7', 'VSCODE_ESM_ENTRYPOINT': 'vs/workbench/api/node/extensionHostProcess', 'LANGUAGE': 'en_CA:en', 'USER': 'group7', 'SSH_CLIENT': '100.123.8.72 65022 22', 'VSCODE_NLS_CONFIG': '{"userLocale":"en","osLocale":"en","resolvedLanguage":"en","defaultMessagesFile":"/home/group7/.cursor-server/bin/bb2dbaacf30bb7eb9fd48a37812a8f326defa530/out/nls.messages.json","locale":"en","availableLanguages":{}}', 'VSCODE_HANDLES_UNCAUGHT_ERRORS': 'true', 'XDG_SESSION_TYPE': 'tty', 'Pangolin_DIR': '/usr/local/lib/cmake/Pangolin', 'SHLVL': '1', 'LD_LIBRARY_PATH': '/opt/ros/humble/opt/rviz_ogre_vendor/lib:/opt/ros/humble/lib/aarch64-linux-gnu:/opt/ros/humble/lib:/home/group7/Desktop/Autonomous-Drone/ros2_ws/src/external/ORB_SLAM3/lib:/home/group7/Desktop/Autonomous-Drone/ros2_ws/src/external/ORB_SLAM3/lib', 'BROWSER': '/home/group7/.cursor-server/bin/bb2dbaacf30bb7eb9fd48a37812a8f326defa530/bin/helpers/browser.sh', 'MOTD_SHOWN': 'pam', 'HOME': '/home/group7', 'OLDPWD': '/home/group7/Desktop/VIO_autonomous_drone/ros2_ws', 'VSCODE_IPC_HOOK_CLI': '/run/user/1000/vscode-ipc-c2c94ab9-c2a8-40ed-9d95-4cbcda9f4278.sock', 'ROS_PYTHON_VERSION': '3', 'NO_COLOR': '1', 'DBUS_SESSION_BUS_ADDRESS': 'unix:path=/run/user/1000/bus', 'COLCON_PREFIX_PATH': '/home/group7/Desktop/VIO_autonomous_drone/ros2_ws/install:/home/group7/Desktop/Autonomous-Drone/ros2_ws/install', 'ROS_DISTRO': 'humble', 'LOGNAME': 'group7', 'FORCE_COLOR': '0', 'VSCODE_HANDLES_SIGPIPE': 'true', 'IGN_GAZEBO_MODEL_PATH': '/opt/ros/humble/share', '_': '/usr/bin/colcon', 'ROS_VERSION': '2', 'XDG_SESSION_CLASS': 'user', 'TERM': 'dumb', 'EVERYSPHERE_RIPGREP_PATH': '/home/group7/.cursor-server/bin/bb2dbaacf30bb7eb9fd48a37812a8f326defa530/resources/helpers/rg', 'XDG_SESSION_ID': '5', 'GAZEBO_MODEL_PATH': '/opt/ros/humble/share', 'ROS_LOCALHOST_ONLY': '0', 'COMPOSER_NO_INTERACTION': '1', 'PATH': '/home/group7/.local/bin:/home/group7/.cursor-server/bin/bb2dbaacf30bb7eb9fd48a37812a8f326defa530/bin/remote-cli:/home/group7/.local/bin:/opt/ros/humble/bin:/home/group7/.cursor-server/bin/bb2dbaacf30bb7eb9fd48a37812a8f326defa530/bin/remote-cli:/home/group7/.local/bin:/usr/local/sbin:/usr/local/bin:/usr/sbin:/usr/bin:/sbin:/bin:/usr/games:/usr/local/games:/snap/bin', 'VSCODE_AGENT_FOLDER': '/home/group7/.cursor-server', 'XDG_RUNTIME_DIR': '/run/user/1000', 'CURSOR_AGENT': '1', 'LANG': 'en_CA.UTF-8', 'LS_COLORS': '', 'AMENT_PREFIX_PATH': '/home/group7/Desktop/VIO_autonomous_drone/ros2_ws/install/vio_perception_pipeline:/home/group7/Desktop/Autonomous-Drone/ros2_ws/install/vio_perception:/home/group7/Desktop/Autonomous-Drone/ros2_ws/install/vio_mavlink_bridge:/home/group7/Desktop/Autonomous-Drone/ros2_ws/install/vio_bringup:/home/group7/Desktop/Autonomous-Drone/ros2_ws/install/orbslam3_bridge:/home/group7/Desktop/Autonomous-Drone/ros2_ws/install/depthai_cam:/opt/ros/humble', 'SHELL': '/bin/bash', 'VSCODE_SERVER_SHUTDOWN_TIMEOUT': '300', 'LESSCLOSE': '/usr/bin/lesspipe %s %s', 'IGN_GAZEBO_RESOURCE_PATH': '/opt/ros/humble/share', 'GAZEBO_RESOURCE_PATH': '/opt/ros/humble/share', 'PWD': '/home/group7/Desktop/VIO_autonomous_drone/ros2_ws/build/vio_perception_pipeline', 'ORB_SLAM3_PATH': '/home/group7/ORB_SLAM3', 'SSH_CONNECTION': '100.123.8.72 65022 100.95.92.95 22', 'XDG_DATA_DIRS': '/usr/share/gnome:/usr/local/share:/usr/share:/var/lib/snapd/desktop', 'PYTHONPATH': '/home/group7/Desktop/VIO_autonomous_drone/ros2_ws/build/vio_perception_pipeline/prefix_override:/usr/lib/python3/dist-packages/colcon_core/task/python/colcon_distutils_commands:/home/group7/Desktop/VIO_autonomous_drone/ros2_ws/install/vio_perception_pipeline/lib/python3.10/site-packages:/home/group7/Desktop/VIO_autonomous_drone/ros2_ws/install/vio_perception_pipeline/lib/python3.10/site-packages:/home/group7/Desktop/Autonomous-Drone/ros2_ws/install/vio_perception/lib/python3.10/site-packages:/home/group7/Desktop/Autonomous-Drone/ros2_ws/install/depthai_cam/lib/python3.10/site-packages:/opt/ros/humble/lib/python3.10/site-packages:/opt/ros/humble/local/lib/python3.10/dist-packages', 'COLCON': '1', '_ZO_DOCTOR': '0', 'CMAKE_PREFIX_PATH': '/home/group7/Desktop/Autonomous-Drone/ros2_ws/install/vio_mavlink_bridge:/home/group7/Desktop/Autonomous-Drone/ros2_ws/install/vio_bringup:/home/group7/Desktop/Autonomous-Drone/ros2_ws/install/orbslam3_bridge'}, 'shell': False}
[1.203698] (-) TimerEvent: {}
[1.303937] (-) TimerEvent: {}
[1.404292] (-) TimerEvent: {}
[1.504635] (-) TimerEvent: {}
[1.604978] (-) TimerEvent: {}
[1.664147] (vio_perception_pipeline) StdoutLine: {'line': b'running egg_info\n'}
[1.665326] (vio_perception_pipeline) StdoutLine: {'line': b'writing ../../build/vio_perception_pipeline/vio_perception_pipeline.egg-info/PKG-INFO\n'}
[1.665864] (vio_perception_pipeline) StdoutLine: {'line': b'writing dependency_links to ../../build/vio_perception_pipeline/vio_perception_pipeline.egg-info/dependency_links.txt\n'}
[1.666167] (vio_perception_pipeline) StdoutLine: {'line': b'writing requirements to ../../build/vio_perception_pipeline/vio_perception_pipeline.egg-info/requires.txt\n'}
[1.666383] (vio_perception_pipeline) StdoutLine: {'line': b'writing top-level names to ../../build/vio_perception_pipeline/vio_perception_pipeline.egg-info/top_level.txt\n'}
[1.668068] (vio_perception_pipeline) StdoutLine: {'line': b"reading manifest file '../../build/vio_perception_pipeline/vio_perception_pipeline.egg-info/SOURCES.txt'\n"}
[1.669780] (vio_perception_pipeline) StdoutLine: {'line': b"writing manifest file '../../build/vio_perception_pipeline/vio_perception_pipeline.egg-info/SOURCES.txt'\n"}
[1.670028] (vio_perception_pipeline) StdoutLine: {'line': b'running build\n'}
[1.670149] (vio_perception_pipeline) StdoutLine: {'line': b'running install\n'}
[1.670549] (vio_perception_pipeline) StdoutLine: {'line': b'running install_data\n'}
[1.670896] (vio_perception_pipeline) StdoutLine: {'line': b'copying launch/rtabmap.launch.py -> /home/group7/Desktop/VIO_autonomous_drone/ros2_ws/install/vio_perception_pipeline/share/vio_perception_pipeline/launch\n'}
[1.671378] (vio_perception_pipeline) StdoutLine: {'line': b'running install_egg_info\n'}
[1.675747] (vio_perception_pipeline) StdoutLine: {'line': b"removing '/home/group7/Desktop/VIO_autonomous_drone/ros2_ws/install/vio_perception_pipeline/lib/python3.10/site-packages/vio_perception_pipeline-0.0.0-py3.10.egg-info' (and everything under it)\n"}
[1.676295] (vio_perception_pipeline) StdoutLine: {'line': b'Copying ../../build/vio_perception_pipeline/vio_perception_pipeline.egg-info to /home/group7/Desktop/VIO_autonomous_drone/ros2_ws/install/vio_perception_pipeline/lib/python3.10/site-packages/vio_perception_pipeline-0.0.0-py3.10.egg-info\n'}
[1.677814] (vio_perception_pipeline) StdoutLine: {'line': b'running install_scripts\n'}
[1.705088] (-) TimerEvent: {}
[1.713836] (vio_perception_pipeline) StdoutLine: {'line': b"writing list of installed files to '/home/group7/Desktop/VIO_autonomous_drone/ros2_ws/build/vio_perception_pipeline/install.log'\n"}
[1.775269] (vio_perception_pipeline) CommandEnded: {'returncode': 0}
[1.805712] (-) TimerEvent: {}
[1.811281] (vio_perception_pipeline) JobEnded: {'identifier': 'vio_perception_pipeline', 'rc': 0}
[1.814324] (-) EventReactorShutdown: {}
