[1.379s] Invoking command in '/home/group7/Desktop/VIO_autonomous_drone/ros2_ws/src/vio_perception_pipeline': PYTHONPATH=/home/group7/Desktop/VIO_autonomous_drone/ros2_ws/build/vio_perception_pipeline/prefix_override:/usr/lib/python3/dist-packages/colcon_core/task/python/colcon_distutils_commands:/home/group7/Desktop/VIO_autonomous_drone/ros2_ws/install/vio_perception_pipeline/lib/python3.10/site-packages:${PYTHONPATH} /usr/bin/python3 -W ignore:setup.py install is deprecated -W ignore:easy_install command is deprecated setup.py egg_info --egg-base ../../build/vio_perception_pipeline build --build-base /home/group7/Desktop/VIO_autonomous_drone/ros2_ws/build/vio_perception_pipeline/build install --record /home/group7/Desktop/VIO_autonomous_drone/ros2_ws/build/vio_perception_pipeline/install.log --single-version-externally-managed install_data
[1.895s] running egg_info
[1.897s] writing ../../build/vio_perception_pipeline/vio_perception_pipeline.egg-info/PKG-INFO
[1.897s] writing dependency_links to ../../build/vio_perception_pipeline/vio_perception_pipeline.egg-info/dependency_links.txt
[1.898s] writing requirements to ../../build/vio_perception_pipeline/vio_perception_pipeline.egg-info/requires.txt
[1.898s] writing top-level names to ../../build/vio_perception_pipeline/vio_perception_pipeline.egg-info/top_level.txt
[1.900s] reading manifest file '../../build/vio_perception_pipeline/vio_perception_pipeline.egg-info/SOURCES.txt'
[1.902s] writing manifest file '../../build/vio_perception_pipeline/vio_perception_pipeline.egg-info/SOURCES.txt'
[1.902s] running build
[1.902s] running install
[1.903s] running install_data
[1.903s] creating /home/group7/Desktop/VIO_autonomous_drone/ros2_ws/install/vio_perception_pipeline/share/ament_index
[1.904s] creating /home/group7/Desktop/VIO_autonomous_drone/ros2_ws/install/vio_perception_pipeline/share/ament_index/resource_index
[1.904s] creating /home/group7/Desktop/VIO_autonomous_drone/ros2_ws/install/vio_perception_pipeline/share/ament_index/resource_index/packages
[1.904s] copying resource/vio_perception_pipeline -> /home/group7/Desktop/VIO_autonomous_drone/ros2_ws/install/vio_perception_pipeline/share/ament_index/resource_index/packages
[1.904s] copying package.xml -> /home/group7/Desktop/VIO_autonomous_drone/ros2_ws/install/vio_perception_pipeline/share/vio_perception_pipeline
[1.904s] creating /home/group7/Desktop/VIO_autonomous_drone/ros2_ws/install/vio_perception_pipeline/share/vio_perception_pipeline/launch
[1.905s] copying launch/camera.launch.py -> /home/group7/Desktop/VIO_autonomous_drone/ros2_ws/install/vio_perception_pipeline/share/vio_perception_pipeline/launch
[1.905s] copying launch/rtabmap.launch.py -> /home/group7/Desktop/VIO_autonomous_drone/ros2_ws/install/vio_perception_pipeline/share/vio_perception_pipeline/launch
[1.905s] creating /home/group7/Desktop/VIO_autonomous_drone/ros2_ws/install/vio_perception_pipeline/share/vio_perception_pipeline/config
[1.906s] copying config/rtabmap_rgbd.yaml -> /home/group7/Desktop/VIO_autonomous_drone/ros2_ws/install/vio_perception_pipeline/share/vio_perception_pipeline/config
[1.906s] copying config/depthai_camera.yaml -> /home/group7/Desktop/VIO_autonomous_drone/ros2_ws/install/vio_perception_pipeline/share/vio_perception_pipeline/config
[1.906s] creating /home/group7/Desktop/VIO_autonomous_drone/ros2_ws/install/vio_perception_pipeline/share/vio_perception_pipeline/config/rviz
[1.906s] copying config/rviz/rgbd.rviz -> /home/group7/Desktop/VIO_autonomous_drone/ros2_ws/install/vio_perception_pipeline/share/vio_perception_pipeline/config/rviz
[1.906s] running install_egg_info
[1.911s] Copying ../../build/vio_perception_pipeline/vio_perception_pipeline.egg-info to /home/group7/Desktop/VIO_autonomous_drone/ros2_ws/install/vio_perception_pipeline/lib/python3.10/site-packages/vio_perception_pipeline-0.0.0-py3.10.egg-info
[1.913s] running install_scripts
[1.957s] writing list of installed files to '/home/group7/Desktop/VIO_autonomous_drone/ros2_ws/build/vio_perception_pipeline/install.log'
[2.049s] Invoked command in '/home/group7/Desktop/VIO_autonomous_drone/ros2_ws/src/vio_perception_pipeline' returned '0': PYTHONPATH=/home/group7/Desktop/VIO_autonomous_drone/ros2_ws/build/vio_perception_pipeline/prefix_override:/usr/lib/python3/dist-packages/colcon_core/task/python/colcon_distutils_commands:/home/group7/Desktop/VIO_autonomous_drone/ros2_ws/install/vio_perception_pipeline/lib/python3.10/site-packages:${PYTHONPATH} /usr/bin/python3 -W ignore:setup.py install is deprecated -W ignore:easy_install command is deprecated setup.py egg_info --egg-base ../../build/vio_perception_pipeline build --build-base /home/group7/Desktop/VIO_autonomous_drone/ros2_ws/build/vio_perception_pipeline/build install --record /home/group7/Desktop/VIO_autonomous_drone/ros2_ws/build/vio_perception_pipeline/install.log --single-version-externally-managed install_data
