[1.564s] Invoking command in '/home/group7/Desktop/VIO_autonomous_drone/ros2_ws/src/vio_perception_pipeline': PYTHONPATH=/home/group7/Desktop/VIO_autonomous_drone/build/vio_perception_pipeline/prefix_override:/usr/lib/python3/dist-packages/colcon_core/task/python/colcon_distutils_commands:/home/group7/Desktop/VIO_autonomous_drone/install/vio_perception_pipeline/lib/python3.10/site-packages:${PYTHONPATH} /usr/bin/python3 -W ignore:setup.py install is deprecated -W ignore:easy_install command is deprecated setup.py egg_info --egg-base ../../../build/vio_perception_pipeline build --build-base /home/group7/Desktop/VIO_autonomous_drone/build/vio_perception_pipeline/build install --record /home/group7/Desktop/VIO_autonomous_drone/build/vio_perception_pipeline/install.log --single-version-externally-managed install_data
[2.107s] running egg_info
[2.108s] writing ../../../build/vio_perception_pipeline/vio_perception_pipeline.egg-info/PKG-INFO
[2.109s] writing dependency_links to ../../../build/vio_perception_pipeline/vio_perception_pipeline.egg-info/dependency_links.txt
[2.109s] writing entry points to ../../../build/vio_perception_pipeline/vio_perception_pipeline.egg-info/entry_points.txt
[2.109s] writing requirements to ../../../build/vio_perception_pipeline/vio_perception_pipeline.egg-info/requires.txt
[2.110s] writing top-level names to ../../../build/vio_perception_pipeline/vio_perception_pipeline.egg-info/top_level.txt
[2.114s] reading manifest file '../../../build/vio_perception_pipeline/vio_perception_pipeline.egg-info/SOURCES.txt'
[2.116s] writing manifest file '../../../build/vio_perception_pipeline/vio_perception_pipeline.egg-info/SOURCES.txt'
[2.116s] running build
[2.117s] running build_py
[2.117s] running install
[2.118s] running install_lib
[2.121s] running install_data
[2.121s] creating /home/group7/Desktop/VIO_autonomous_drone/install/vio_perception_pipeline/share/ament_index
[2.122s] creating /home/group7/Desktop/VIO_autonomous_drone/install/vio_perception_pipeline/share/ament_index/resource_index
[2.122s] creating /home/group7/Desktop/VIO_autonomous_drone/install/vio_perception_pipeline/share/ament_index/resource_index/packages
[2.122s] copying resource/vio_perception_pipeline -> /home/group7/Desktop/VIO_autonomous_drone/install/vio_perception_pipeline/share/ament_index/resource_index/packages
[2.123s] copying package.xml -> /home/group7/Desktop/VIO_autonomous_drone/install/vio_perception_pipeline/share/vio_perception_pipeline
[2.123s] copying launch/autonomous_hover.launch.py -> /home/group7/Desktop/VIO_autonomous_drone/install/vio_perception_pipeline/share/vio_perception_pipeline/launch
[2.123s] copying launch/camera.launch.py -> /home/group7/Desktop/VIO_autonomous_drone/install/vio_perception_pipeline/share/vio_perception_pipeline/launch
[2.124s] copying launch/rtabmap.launch.py -> /home/group7/Desktop/VIO_autonomous_drone/install/vio_perception_pipeline/share/vio_perception_pipeline/launch
[2.124s] copying launch/mavros.launch.py -> /home/group7/Desktop/VIO_autonomous_drone/install/vio_perception_pipeline/share/vio_perception_pipeline/launch
[2.124s] copying launch/esdf.launch.py -> /home/group7/Desktop/VIO_autonomous_drone/install/vio_perception_pipeline/share/vio_perception_pipeline/launch
[2.125s] copying launch/enu_to_ned.launch.py -> /home/group7/Desktop/VIO_autonomous_drone/install/vio_perception_pipeline/share/vio_perception_pipeline/launch
[2.125s] creating /home/group7/Desktop/VIO_autonomous_drone/install/vio_perception_pipeline/share/vio_perception_pipeline/config
[2.125s] copying config/enu_to_ned.yaml -> /home/group7/Desktop/VIO_autonomous_drone/install/vio_perception_pipeline/share/vio_perception_pipeline/config
[2.125s] copying config/rtabmap_rgbd.yaml -> /home/group7/Desktop/VIO_autonomous_drone/install/vio_perception_pipeline/share/vio_perception_pipeline/config
[2.126s] copying config/depthai_camera.yaml -> /home/group7/Desktop/VIO_autonomous_drone/install/vio_perception_pipeline/share/vio_perception_pipeline/config
[2.126s] creating /home/group7/Desktop/VIO_autonomous_drone/install/vio_perception_pipeline/share/vio_perception_pipeline/config/rviz
[2.126s] copying config/rviz/enu_ned_comparison.rviz -> /home/group7/Desktop/VIO_autonomous_drone/install/vio_perception_pipeline/share/vio_perception_pipeline/config/rviz
[2.126s] copying config/rviz/esdf_voxels.rviz -> /home/group7/Desktop/VIO_autonomous_drone/install/vio_perception_pipeline/share/vio_perception_pipeline/config/rviz
[2.126s] copying config/rviz/rgbd.rviz -> /home/group7/Desktop/VIO_autonomous_drone/install/vio_perception_pipeline/share/vio_perception_pipeline/config/rviz
[2.127s] running install_egg_info
[2.128s] removing '/home/group7/Desktop/VIO_autonomous_drone/install/vio_perception_pipeline/lib/python3.10/site-packages/vio_perception_pipeline-0.0.0-py3.10.egg-info' (and everything under it)
[2.129s] Copying ../../../build/vio_perception_pipeline/vio_perception_pipeline.egg-info to /home/group7/Desktop/VIO_autonomous_drone/install/vio_perception_pipeline/lib/python3.10/site-packages/vio_perception_pipeline-0.0.0-py3.10.egg-info
[2.131s] running install_scripts
[2.173s] Installing auto_reset_odom script to /home/group7/Desktop/VIO_autonomous_drone/install/vio_perception_pipeline/lib/vio_perception_pipeline
[2.174s] Installing enu_to_ned_transformer script to /home/group7/Desktop/VIO_autonomous_drone/install/vio_perception_pipeline/lib/vio_perception_pipeline
[2.174s] writing list of installed files to '/home/group7/Desktop/VIO_autonomous_drone/build/vio_perception_pipeline/install.log'
[2.241s] Invoked command in '/home/group7/Desktop/VIO_autonomous_drone/ros2_ws/src/vio_perception_pipeline' returned '0': PYTHONPATH=/home/group7/Desktop/VIO_autonomous_drone/build/vio_perception_pipeline/prefix_override:/usr/lib/python3/dist-packages/colcon_core/task/python/colcon_distutils_commands:/home/group7/Desktop/VIO_autonomous_drone/install/vio_perception_pipeline/lib/python3.10/site-packages:${PYTHONPATH} /usr/bin/python3 -W ignore:setup.py install is deprecated -W ignore:easy_install command is deprecated setup.py egg_info --egg-base ../../../build/vio_perception_pipeline build --build-base /home/group7/Desktop/VIO_autonomous_drone/build/vio_perception_pipeline/build install --record /home/group7/Desktop/VIO_autonomous_drone/build/vio_perception_pipeline/install.log --single-version-externally-managed install_data
