Build output check failed:
    Regex: 'command[- ]line option .* is valid for .* but not for C'
    Output line: 'cc1: warning: command-line option ‘-Wnon-virtual-dtor’ is valid for C++/ObjC++ but not for C'
Compilation failed:
    source file: '/home/group7/Desktop/VIO_autonomous_drone/ros2_ws/workspace/opencv-4.10.0/release/CMakeFiles/CMakeTmp/src.c'
    check option: ' -fsigned-char -ffast-math -fno-finite-math-only -W -Wall -Wreturn-type  -Wnon-virtual-dtor'
===== BUILD LOG =====
Change Dir: '/home/group7/Desktop/VIO_autonomous_drone/ros2_ws/workspace/opencv-4.10.0/release/CMakeFiles/CMakeTmp'

Run Build Command(s): /usr/bin/cmake -E env VERBOSE=1 /usr/bin/gmake -f Makefile cmTC_7c732/fast
/usr/bin/gmake  -f CMakeFiles/cmTC_7c732.dir/build.make CMakeFiles/cmTC_7c732.dir/build
gmake[1]: Entering directory '/home/group7/Desktop/VIO_autonomous_drone/ros2_ws/workspace/opencv-4.10.0/release/CMakeFiles/CMakeTmp'
Building C object CMakeFiles/cmTC_7c732.dir/src.c.o
/usr/bin/cc   -O3 -DNDEBUG -fPIE    -fsigned-char -ffast-math -fno-finite-math-only -W -Wall -Wreturn-type  -Wnon-virtual-dtor -o CMakeFiles/cmTC_7c732.dir/src.c.o -c /home/group7/Desktop/VIO_autonomous_drone/ros2_ws/workspace/opencv-4.10.0/release/CMakeFiles/CMakeTmp/src.c
cc1: warning: command-line option ‘-Wnon-virtual-dtor’ is valid for C++/ObjC++ but not for C
/home/group7/Desktop/VIO_autonomous_drone/ros2_ws/workspace/opencv-4.10.0/release/CMakeFiles/CMakeTmp/src.c:1: warning: ignoring ‘#pragma  ’ [-Wunknown-pragmas]
    1 | #pragma
      | 
Linking C executable cmTC_7c732
/usr/bin/cmake -E cmake_link_script CMakeFiles/cmTC_7c732.dir/link.txt --verbose=1
/usr/bin/cc -O3 -DNDEBUG CMakeFiles/cmTC_7c732.dir/src.c.o -o cmTC_7c732
gmake[1]: Leaving directory '/home/group7/Desktop/VIO_autonomous_drone/ros2_ws/workspace/opencv-4.10.0/release/CMakeFiles/CMakeTmp'


===== END =====

Build output check failed:
    Regex: 'command[- ]line option .* is valid for .* but not for C\+\+'
    Output line: 'cc1plus: warning: command-line option ‘-Wmissing-prototypes’ is valid for C/ObjC but not for C++'
Compilation failed:
    source file: '/home/group7/Desktop/VIO_autonomous_drone/ros2_ws/workspace/opencv-4.10.0/release/CMakeFiles/CMakeTmp/src.cxx'
    check option: ' -fsigned-char -ffast-math -fno-finite-math-only -W -Wall -Wreturn-type -Wnon-virtual-dtor -Waddress -Wsequence-point -Wformat -Wformat-security -Wmissing-declarations  -Wmissing-prototypes'
===== BUILD LOG =====
Change Dir: '/home/group7/Desktop/VIO_autonomous_drone/ros2_ws/workspace/opencv-4.10.0/release/CMakeFiles/CMakeTmp'

Run Build Command(s): /usr/bin/cmake -E env VERBOSE=1 /usr/bin/gmake -f Makefile cmTC_120d4/fast
/usr/bin/gmake  -f CMakeFiles/cmTC_120d4.dir/build.make CMakeFiles/cmTC_120d4.dir/build
gmake[1]: Entering directory '/home/group7/Desktop/VIO_autonomous_drone/ros2_ws/workspace/opencv-4.10.0/release/CMakeFiles/CMakeTmp'
Building CXX object CMakeFiles/cmTC_120d4.dir/src.cxx.o
/usr/bin/c++   -O3 -DNDEBUG -std=c++11 -fPIE    -fsigned-char -ffast-math -fno-finite-math-only -W -Wall -Wreturn-type -Wnon-virtual-dtor -Waddress -Wsequence-point -Wformat -Wformat-security -Wmissing-declarations  -Wmissing-prototypes -o CMakeFiles/cmTC_120d4.dir/src.cxx.o -c /home/group7/Desktop/VIO_autonomous_drone/ros2_ws/workspace/opencv-4.10.0/release/CMakeFiles/CMakeTmp/src.cxx
cc1plus: warning: command-line option ‘-Wmissing-prototypes’ is valid for C/ObjC but not for C++
/home/group7/Desktop/VIO_autonomous_drone/ros2_ws/workspace/opencv-4.10.0/release/CMakeFiles/CMakeTmp/src.cxx:1: warning: ignoring ‘#pragma  ’ [-Wunknown-pragmas]
    1 | #pragma
      | 
Linking CXX executable cmTC_120d4
/usr/bin/cmake -E cmake_link_script CMakeFiles/cmTC_120d4.dir/link.txt --verbose=1
/usr/bin/c++ -O3 -DNDEBUG CMakeFiles/cmTC_120d4.dir/src.cxx.o -o cmTC_120d4
gmake[1]: Leaving directory '/home/group7/Desktop/VIO_autonomous_drone/ros2_ws/workspace/opencv-4.10.0/release/CMakeFiles/CMakeTmp'


===== END =====

Build output check failed:
    Regex: 'command[- ]line option .* is valid for .* but not for C\+\+'
    Output line: 'cc1plus: warning: command-line option ‘-Wstrict-prototypes’ is valid for C/ObjC but not for C++'
Compilation failed:
    source file: '/home/group7/Desktop/VIO_autonomous_drone/ros2_ws/workspace/opencv-4.10.0/release/CMakeFiles/CMakeTmp/src.cxx'
    check option: ' -fsigned-char -ffast-math -fno-finite-math-only -W -Wall -Wreturn-type -Wnon-virtual-dtor -Waddress -Wsequence-point -Wformat -Wformat-security -Wmissing-declarations  -Wstrict-prototypes'
===== BUILD LOG =====
Change Dir: '/home/group7/Desktop/VIO_autonomous_drone/ros2_ws/workspace/opencv-4.10.0/release/CMakeFiles/CMakeTmp'

Run Build Command(s): /usr/bin/cmake -E env VERBOSE=1 /usr/bin/gmake -f Makefile cmTC_f1fa6/fast
/usr/bin/gmake  -f CMakeFiles/cmTC_f1fa6.dir/build.make CMakeFiles/cmTC_f1fa6.dir/build
gmake[1]: Entering directory '/home/group7/Desktop/VIO_autonomous_drone/ros2_ws/workspace/opencv-4.10.0/release/CMakeFiles/CMakeTmp'
Building CXX object CMakeFiles/cmTC_f1fa6.dir/src.cxx.o
/usr/bin/c++   -O3 -DNDEBUG -std=c++11 -fPIE    -fsigned-char -ffast-math -fno-finite-math-only -W -Wall -Wreturn-type -Wnon-virtual-dtor -Waddress -Wsequence-point -Wformat -Wformat-security -Wmissing-declarations  -Wstrict-prototypes -o CMakeFiles/cmTC_f1fa6.dir/src.cxx.o -c /home/group7/Desktop/VIO_autonomous_drone/ros2_ws/workspace/opencv-4.10.0/release/CMakeFiles/CMakeTmp/src.cxx
cc1plus: warning: command-line option ‘-Wstrict-prototypes’ is valid for C/ObjC but not for C++
/home/group7/Desktop/VIO_autonomous_drone/ros2_ws/workspace/opencv-4.10.0/release/CMakeFiles/CMakeTmp/src.cxx:1: warning: ignoring ‘#pragma  ’ [-Wunknown-pragmas]
    1 | #pragma
      | 
Linking CXX executable cmTC_f1fa6
/usr/bin/cmake -E cmake_link_script CMakeFiles/cmTC_f1fa6.dir/link.txt --verbose=1
/usr/bin/c++ -O3 -DNDEBUG CMakeFiles/cmTC_f1fa6.dir/src.cxx.o -o cmTC_f1fa6
gmake[1]: Leaving directory '/home/group7/Desktop/VIO_autonomous_drone/ros2_ws/workspace/opencv-4.10.0/release/CMakeFiles/CMakeTmp'


===== END =====

Build output check failed:
    Regex: 'command[- ]line option .* is valid for .* but not for C'
    Output line: 'cc1: warning: command-line option ‘-Wsign-promo’ is valid for C++/ObjC++ but not for C'
Compilation failed:
    source file: '/home/group7/Desktop/VIO_autonomous_drone/ros2_ws/workspace/opencv-4.10.0/release/CMakeFiles/CMakeTmp/src.c'
    check option: ' -fsigned-char -ffast-math -fno-finite-math-only -W -Wall -Wreturn-type -Waddress -Wsequence-point -Wformat -Wformat-security -Wmissing-declarations -Wmissing-prototypes -Wstrict-prototypes -Wundef -Winit-self -Wpointer-arith -Wshadow  -Wsign-promo'
===== BUILD LOG =====
Change Dir: '/home/group7/Desktop/VIO_autonomous_drone/ros2_ws/workspace/opencv-4.10.0/release/CMakeFiles/CMakeTmp'

Run Build Command(s): /usr/bin/cmake -E env VERBOSE=1 /usr/bin/gmake -f Makefile cmTC_fa97a/fast
/usr/bin/gmake  -f CMakeFiles/cmTC_fa97a.dir/build.make CMakeFiles/cmTC_fa97a.dir/build
gmake[1]: Entering directory '/home/group7/Desktop/VIO_autonomous_drone/ros2_ws/workspace/opencv-4.10.0/release/CMakeFiles/CMakeTmp'
Building C object CMakeFiles/cmTC_fa97a.dir/src.c.o
/usr/bin/cc   -O3 -DNDEBUG -fPIE    -fsigned-char -ffast-math -fno-finite-math-only -W -Wall -Wreturn-type -Waddress -Wsequence-point -Wformat -Wformat-security -Wmissing-declarations -Wmissing-prototypes -Wstrict-prototypes -Wundef -Winit-self -Wpointer-arith -Wshadow  -Wsign-promo -o CMakeFiles/cmTC_fa97a.dir/src.c.o -c /home/group7/Desktop/VIO_autonomous_drone/ros2_ws/workspace/opencv-4.10.0/release/CMakeFiles/CMakeTmp/src.c
cc1: warning: command-line option ‘-Wsign-promo’ is valid for C++/ObjC++ but not for C
/home/group7/Desktop/VIO_autonomous_drone/ros2_ws/workspace/opencv-4.10.0/release/CMakeFiles/CMakeTmp/src.c:1: warning: ignoring ‘#pragma  ’ [-Wunknown-pragmas]
    1 | #pragma
      | 
Linking C executable cmTC_fa97a
/usr/bin/cmake -E cmake_link_script CMakeFiles/cmTC_fa97a.dir/link.txt --verbose=1
/usr/bin/cc -O3 -DNDEBUG CMakeFiles/cmTC_fa97a.dir/src.c.o -o cmTC_fa97a
gmake[1]: Leaving directory '/home/group7/Desktop/VIO_autonomous_drone/ros2_ws/workspace/opencv-4.10.0/release/CMakeFiles/CMakeTmp'


===== END =====

Build output check failed:
    Regex: 'command[- ]line option .* is valid for .* but not for C'
    Output line: 'cc1: warning: command-line option ‘-Wsuggest-override’ is valid for C++/ObjC++ but not for C'
Compilation failed:
    source file: '/home/group7/Desktop/VIO_autonomous_drone/ros2_ws/workspace/opencv-4.10.0/release/CMakeFiles/CMakeTmp/src.c'
    check option: ' -fsigned-char -ffast-math -fno-finite-math-only -W -Wall -Wreturn-type -Waddress -Wsequence-point -Wformat -Wformat-security -Wmissing-declarations -Wmissing-prototypes -Wstrict-prototypes -Wundef -Winit-self -Wpointer-arith -Wshadow -Wuninitialized  -Wsuggest-override'
===== BUILD LOG =====
Change Dir: '/home/group7/Desktop/VIO_autonomous_drone/ros2_ws/workspace/opencv-4.10.0/release/CMakeFiles/CMakeTmp'

Run Build Command(s): /usr/bin/cmake -E env VERBOSE=1 /usr/bin/gmake -f Makefile cmTC_8a3e5/fast
/usr/bin/gmake  -f CMakeFiles/cmTC_8a3e5.dir/build.make CMakeFiles/cmTC_8a3e5.dir/build
gmake[1]: Entering directory '/home/group7/Desktop/VIO_autonomous_drone/ros2_ws/workspace/opencv-4.10.0/release/CMakeFiles/CMakeTmp'
Building C object CMakeFiles/cmTC_8a3e5.dir/src.c.o
/usr/bin/cc   -O3 -DNDEBUG -fPIE    -fsigned-char -ffast-math -fno-finite-math-only -W -Wall -Wreturn-type -Waddress -Wsequence-point -Wformat -Wformat-security -Wmissing-declarations -Wmissing-prototypes -Wstrict-prototypes -Wundef -Winit-self -Wpointer-arith -Wshadow -Wuninitialized  -Wsuggest-override -o CMakeFiles/cmTC_8a3e5.dir/src.c.o -c /home/group7/Desktop/VIO_autonomous_drone/ros2_ws/workspace/opencv-4.10.0/release/CMakeFiles/CMakeTmp/src.c
cc1: warning: command-line option ‘-Wsuggest-override’ is valid for C++/ObjC++ but not for C
/home/group7/Desktop/VIO_autonomous_drone/ros2_ws/workspace/opencv-4.10.0/release/CMakeFiles/CMakeTmp/src.c:1: warning: ignoring ‘#pragma  ’ [-Wunknown-pragmas]
    1 | #pragma
      | 
Linking C executable cmTC_8a3e5
/usr/bin/cmake -E cmake_link_script CMakeFiles/cmTC_8a3e5.dir/link.txt --verbose=1
/usr/bin/cc -O3 -DNDEBUG CMakeFiles/cmTC_8a3e5.dir/src.c.o -o cmTC_8a3e5
gmake[1]: Leaving directory '/home/group7/Desktop/VIO_autonomous_drone/ros2_ws/workspace/opencv-4.10.0/release/CMakeFiles/CMakeTmp'


===== END =====

Build output check failed:
    Regex: 'command[- ]line option .* is valid for .* but not for C'
    Output line: 'cc1: warning: command-line option ‘-Wno-delete-non-virtual-dtor’ is valid for C++/ObjC++ but not for C'
Compilation failed:
    source file: '/home/group7/Desktop/VIO_autonomous_drone/ros2_ws/workspace/opencv-4.10.0/release/CMakeFiles/CMakeTmp/src.c'
    check option: ' -fsigned-char -ffast-math -fno-finite-math-only -W -Wall -Wreturn-type -Waddress -Wsequence-point -Wformat -Wformat-security -Wmissing-declarations -Wmissing-prototypes -Wstrict-prototypes -Wundef -Winit-self -Wpointer-arith -Wshadow -Wuninitialized  -Wno-delete-non-virtual-dtor'
===== BUILD LOG =====
Change Dir: '/home/group7/Desktop/VIO_autonomous_drone/ros2_ws/workspace/opencv-4.10.0/release/CMakeFiles/CMakeTmp'

Run Build Command(s): /usr/bin/cmake -E env VERBOSE=1 /usr/bin/gmake -f Makefile cmTC_ffe09/fast
/usr/bin/gmake  -f CMakeFiles/cmTC_ffe09.dir/build.make CMakeFiles/cmTC_ffe09.dir/build
gmake[1]: Entering directory '/home/group7/Desktop/VIO_autonomous_drone/ros2_ws/workspace/opencv-4.10.0/release/CMakeFiles/CMakeTmp'
Building C object CMakeFiles/cmTC_ffe09.dir/src.c.o
/usr/bin/cc   -O3 -DNDEBUG -fPIE    -fsigned-char -ffast-math -fno-finite-math-only -W -Wall -Wreturn-type -Waddress -Wsequence-point -Wformat -Wformat-security -Wmissing-declarations -Wmissing-prototypes -Wstrict-prototypes -Wundef -Winit-self -Wpointer-arith -Wshadow -Wuninitialized  -Wno-delete-non-virtual-dtor -o CMakeFiles/cmTC_ffe09.dir/src.c.o -c /home/group7/Desktop/VIO_autonomous_drone/ros2_ws/workspace/opencv-4.10.0/release/CMakeFiles/CMakeTmp/src.c
cc1: warning: command-line option ‘-Wno-delete-non-virtual-dtor’ is valid for C++/ObjC++ but not for C
/home/group7/Desktop/VIO_autonomous_drone/ros2_ws/workspace/opencv-4.10.0/release/CMakeFiles/CMakeTmp/src.c:1: warning: ignoring ‘#pragma  ’ [-Wunknown-pragmas]
    1 | #pragma
      | 
Linking C executable cmTC_ffe09
/usr/bin/cmake -E cmake_link_script CMakeFiles/cmTC_ffe09.dir/link.txt --verbose=1
/usr/bin/cc -O3 -DNDEBUG CMakeFiles/cmTC_ffe09.dir/src.c.o -o cmTC_ffe09
gmake[1]: Leaving directory '/home/group7/Desktop/VIO_autonomous_drone/ros2_ws/workspace/opencv-4.10.0/release/CMakeFiles/CMakeTmp'


===== END =====

Build output check failed:
    Regex: 'unrecognized .*option'
    Output line: 'cc1plus: note: unrecognized command-line option ‘-Wno-unnamed-type-template-args’ may have been intended to silence earlier diagnostics'
Compilation failed:
    source file: '/home/group7/Desktop/VIO_autonomous_drone/ros2_ws/workspace/opencv-4.10.0/release/CMakeFiles/CMakeTmp/src.cxx'
    check option: ' -fsigned-char -ffast-math -fno-finite-math-only -W -Wall -Wreturn-type -Wnon-virtual-dtor -Waddress -Wsequence-point -Wformat -Wformat-security -Wmissing-declarations -Wundef -Winit-self -Wpointer-arith -Wshadow -Wsign-promo -Wuninitialized -Wsuggest-override -Wno-delete-non-virtual-dtor  -Wno-unnamed-type-template-args'
===== BUILD LOG =====
Change Dir: '/home/group7/Desktop/VIO_autonomous_drone/ros2_ws/workspace/opencv-4.10.0/release/CMakeFiles/CMakeTmp'

Run Build Command(s): /usr/bin/cmake -E env VERBOSE=1 /usr/bin/gmake -f Makefile cmTC_0586c/fast
/usr/bin/gmake  -f CMakeFiles/cmTC_0586c.dir/build.make CMakeFiles/cmTC_0586c.dir/build
gmake[1]: Entering directory '/home/group7/Desktop/VIO_autonomous_drone/ros2_ws/workspace/opencv-4.10.0/release/CMakeFiles/CMakeTmp'
Building CXX object CMakeFiles/cmTC_0586c.dir/src.cxx.o
/usr/bin/c++   -O3 -DNDEBUG -std=c++11 -fPIE    -fsigned-char -ffast-math -fno-finite-math-only -W -Wall -Wreturn-type -Wnon-virtual-dtor -Waddress -Wsequence-point -Wformat -Wformat-security -Wmissing-declarations -Wundef -Winit-self -Wpointer-arith -Wshadow -Wsign-promo -Wuninitialized -Wsuggest-override -Wno-delete-non-virtual-dtor  -Wno-unnamed-type-template-args -o CMakeFiles/cmTC_0586c.dir/src.cxx.o -c /home/group7/Desktop/VIO_autonomous_drone/ros2_ws/workspace/opencv-4.10.0/release/CMakeFiles/CMakeTmp/src.cxx
/home/group7/Desktop/VIO_autonomous_drone/ros2_ws/workspace/opencv-4.10.0/release/CMakeFiles/CMakeTmp/src.cxx:1: warning: ignoring ‘#pragma  ’ [-Wunknown-pragmas]
    1 | #pragma
      | 
cc1plus: note: unrecognized command-line option ‘-Wno-unnamed-type-template-args’ may have been intended to silence earlier diagnostics
Linking CXX executable cmTC_0586c
/usr/bin/cmake -E cmake_link_script CMakeFiles/cmTC_0586c.dir/link.txt --verbose=1
/usr/bin/c++ -O3 -DNDEBUG CMakeFiles/cmTC_0586c.dir/src.cxx.o -o cmTC_0586c
gmake[1]: Leaving directory '/home/group7/Desktop/VIO_autonomous_drone/ros2_ws/workspace/opencv-4.10.0/release/CMakeFiles/CMakeTmp'


===== END =====

Build output check failed:
    Regex: 'unrecognized .*option'
    Output line: 'cc1: note: unrecognized command-line option ‘-Wno-unnamed-type-template-args’ may have been intended to silence earlier diagnostics'
Compilation failed:
    source file: '/home/group7/Desktop/VIO_autonomous_drone/ros2_ws/workspace/opencv-4.10.0/release/CMakeFiles/CMakeTmp/src.c'
    check option: ' -fsigned-char -ffast-math -fno-finite-math-only -W -Wall -Wreturn-type -Waddress -Wsequence-point -Wformat -Wformat-security -Wmissing-declarations -Wmissing-prototypes -Wstrict-prototypes -Wundef -Winit-self -Wpointer-arith -Wshadow -Wuninitialized  -Wno-unnamed-type-template-args'
===== BUILD LOG =====
Change Dir: '/home/group7/Desktop/VIO_autonomous_drone/ros2_ws/workspace/opencv-4.10.0/release/CMakeFiles/CMakeTmp'

Run Build Command(s): /usr/bin/cmake -E env VERBOSE=1 /usr/bin/gmake -f Makefile cmTC_94c4c/fast
/usr/bin/gmake  -f CMakeFiles/cmTC_94c4c.dir/build.make CMakeFiles/cmTC_94c4c.dir/build
gmake[1]: Entering directory '/home/group7/Desktop/VIO_autonomous_drone/ros2_ws/workspace/opencv-4.10.0/release/CMakeFiles/CMakeTmp'
Building C object CMakeFiles/cmTC_94c4c.dir/src.c.o
/usr/bin/cc   -O3 -DNDEBUG -fPIE    -fsigned-char -ffast-math -fno-finite-math-only -W -Wall -Wreturn-type -Waddress -Wsequence-point -Wformat -Wformat-security -Wmissing-declarations -Wmissing-prototypes -Wstrict-prototypes -Wundef -Winit-self -Wpointer-arith -Wshadow -Wuninitialized  -Wno-unnamed-type-template-args -o CMakeFiles/cmTC_94c4c.dir/src.c.o -c /home/group7/Desktop/VIO_autonomous_drone/ros2_ws/workspace/opencv-4.10.0/release/CMakeFiles/CMakeTmp/src.c
/home/group7/Desktop/VIO_autonomous_drone/ros2_ws/workspace/opencv-4.10.0/release/CMakeFiles/CMakeTmp/src.c:1: warning: ignoring ‘#pragma  ’ [-Wunknown-pragmas]
    1 | #pragma
      | 
cc1: note: unrecognized command-line option ‘-Wno-unnamed-type-template-args’ may have been intended to silence earlier diagnostics
Linking C executable cmTC_94c4c
/usr/bin/cmake -E cmake_link_script CMakeFiles/cmTC_94c4c.dir/link.txt --verbose=1
/usr/bin/cc -O3 -DNDEBUG CMakeFiles/cmTC_94c4c.dir/src.c.o -o cmTC_94c4c
gmake[1]: Leaving directory '/home/group7/Desktop/VIO_autonomous_drone/ros2_ws/workspace/opencv-4.10.0/release/CMakeFiles/CMakeTmp'


===== END =====

Build output check failed:
    Regex: 'command[- ]line option .* is valid for .* but not for C'
    Output line: 'cc1: warning: command-line option ‘-fvisibility-inlines-hidden’ is valid for C++/ObjC++ but not for C'
Compilation failed:
    source file: '/home/group7/Desktop/VIO_autonomous_drone/ros2_ws/workspace/opencv-4.10.0/release/CMakeFiles/CMakeTmp/src.c'
    check option: ' -fsigned-char -ffast-math -fno-finite-math-only -W -Wall -Wreturn-type -Waddress -Wsequence-point -Wformat -Wformat-security -Wmissing-declarations -Wmissing-prototypes -Wstrict-prototypes -Wundef -Winit-self -Wpointer-arith -Wshadow -Wuninitialized -Wno-comment -Wimplicit-fallthrough=3 -Wno-strict-overflow -fdiagnostics-show-option -pthread -fomit-frame-pointer -ffunction-sections -fdata-sections    -fvisibility=hidden  -fvisibility-inlines-hidden'
===== BUILD LOG =====
Change Dir: '/home/group7/Desktop/VIO_autonomous_drone/ros2_ws/workspace/opencv-4.10.0/release/CMakeFiles/CMakeTmp'

Run Build Command(s): /usr/bin/cmake -E env VERBOSE=1 /usr/bin/gmake -f Makefile cmTC_47acb/fast
/usr/bin/gmake  -f CMakeFiles/cmTC_47acb.dir/build.make CMakeFiles/cmTC_47acb.dir/build
gmake[1]: Entering directory '/home/group7/Desktop/VIO_autonomous_drone/ros2_ws/workspace/opencv-4.10.0/release/CMakeFiles/CMakeTmp'
Building C object CMakeFiles/cmTC_47acb.dir/src.c.o
/usr/bin/cc   -O3 -DNDEBUG -fPIE    -fsigned-char -ffast-math -fno-finite-math-only -W -Wall -Wreturn-type -Waddress -Wsequence-point -Wformat -Wformat-security -Wmissing-declarations -Wmissing-prototypes -Wstrict-prototypes -Wundef -Winit-self -Wpointer-arith -Wshadow -Wuninitialized -Wno-comment -Wimplicit-fallthrough=3 -Wno-strict-overflow -fdiagnostics-show-option -pthread -fomit-frame-pointer -ffunction-sections -fdata-sections    -fvisibility=hidden  -fvisibility-inlines-hidden -o CMakeFiles/cmTC_47acb.dir/src.c.o -c /home/group7/Desktop/VIO_autonomous_drone/ros2_ws/workspace/opencv-4.10.0/release/CMakeFiles/CMakeTmp/src.c
cc1: warning: command-line option ‘-fvisibility-inlines-hidden’ is valid for C++/ObjC++ but not for C
/home/group7/Desktop/VIO_autonomous_drone/ros2_ws/workspace/opencv-4.10.0/release/CMakeFiles/CMakeTmp/src.c:1: warning: ignoring ‘#pragma  ’ [-Wunknown-pragmas]
    1 | #pragma
      | 
Linking C executable cmTC_47acb
/usr/bin/cmake -E cmake_link_script CMakeFiles/cmTC_47acb.dir/link.txt --verbose=1
/usr/bin/cc -O3 -DNDEBUG CMakeFiles/cmTC_47acb.dir/src.c.o -o cmTC_47acb
gmake[1]: Leaving directory '/home/group7/Desktop/VIO_autonomous_drone/ros2_ws/workspace/opencv-4.10.0/release/CMakeFiles/CMakeTmp'


===== END =====

Build output check failed:
    Regex: 'unrecognized .*option'
    Output line: 'cc1plus: note: unrecognized command-line option ‘-Wno-inconsistent-missing-override’ may have been intended to silence earlier diagnostics'
Compilation failed:
    source file: '/home/group7/Desktop/VIO_autonomous_drone/ros2_ws/workspace/opencv-4.10.0/release/CMakeFiles/CMakeTmp/src.cxx'
    check option: ' -Wno-inconsistent-missing-override'
===== BUILD LOG =====
Change Dir: '/home/group7/Desktop/VIO_autonomous_drone/ros2_ws/workspace/opencv-4.10.0/release/CMakeFiles/CMakeTmp'

Run Build Command(s): /usr/bin/cmake -E env VERBOSE=1 /usr/bin/gmake -f Makefile cmTC_8615d/fast
/usr/bin/gmake  -f CMakeFiles/cmTC_8615d.dir/build.make CMakeFiles/cmTC_8615d.dir/build
gmake[1]: Entering directory '/home/group7/Desktop/VIO_autonomous_drone/ros2_ws/workspace/opencv-4.10.0/release/CMakeFiles/CMakeTmp'
Building CXX object CMakeFiles/cmTC_8615d.dir/src.cxx.o
/usr/bin/c++   -fsigned-char -ffast-math -fno-finite-math-only -W -Wall -Wreturn-type -Wnon-virtual-dtor -Waddress -Wsequence-point -Wformat -Wformat-security -Winit-self -Wpointer-arith -Wsign-promo -Wno-delete-non-virtual-dtor -Wno-comment -Wimplicit-fallthrough=3 -Wno-strict-overflow -fdiagnostics-show-option -pthread -fomit-frame-pointer -ffunction-sections -fdata-sections    -fvisibility=hidden -fvisibility-inlines-hidden -Wno-shadow -Wno-unused -Wno-sign-compare -Wno-undef -Wno-missing-declarations -Wno-uninitialized -Wno-switch -Wno-parentheses -Wno-array-bounds -Wno-extra -Wno-deprecated-declarations -Wno-misleading-indentation -Wno-deprecated -Wno-suggest-override  -O3 -DNDEBUG  -DNDEBUG -std=c++11 -fPIE    -Wno-inconsistent-missing-override -o CMakeFiles/cmTC_8615d.dir/src.cxx.o -c /home/group7/Desktop/VIO_autonomous_drone/ros2_ws/workspace/opencv-4.10.0/release/CMakeFiles/CMakeTmp/src.cxx
/home/group7/Desktop/VIO_autonomous_drone/ros2_ws/workspace/opencv-4.10.0/release/CMakeFiles/CMakeTmp/src.cxx:1: warning: ignoring ‘#pragma  ’ [-Wunknown-pragmas]
    1 | #pragma
      | 
cc1plus: note: unrecognized command-line option ‘-Wno-inconsistent-missing-override’ may have been intended to silence earlier diagnostics
Linking CXX executable cmTC_8615d
/usr/bin/cmake -E cmake_link_script CMakeFiles/cmTC_8615d.dir/link.txt --verbose=1
/usr/bin/c++    -fsigned-char -ffast-math -fno-finite-math-only -W -Wall -Wreturn-type -Wnon-virtual-dtor -Waddress -Wsequence-point -Wformat -Wformat-security -Winit-self -Wpointer-arith -Wsign-promo -Wno-delete-non-virtual-dtor -Wno-comment -Wimplicit-fallthrough=3 -Wno-strict-overflow -fdiagnostics-show-option -pthread -fomit-frame-pointer -ffunction-sections -fdata-sections    -fvisibility=hidden -fvisibility-inlines-hidden -Wno-shadow -Wno-unused -Wno-sign-compare -Wno-undef -Wno-missing-declarations -Wno-uninitialized -Wno-switch -Wno-parentheses -Wno-array-bounds -Wno-extra -Wno-deprecated-declarations -Wno-misleading-indentation -Wno-deprecated -Wno-suggest-override  -O3 -DNDEBUG  -DNDEBUG   -Wl,--gc-sections -Wl,--as-needed -Wl,--no-undefined  CMakeFiles/cmTC_8615d.dir/src.cxx.o -o cmTC_8615d
gmake[1]: Leaving directory '/home/group7/Desktop/VIO_autonomous_drone/ros2_ws/workspace/opencv-4.10.0/release/CMakeFiles/CMakeTmp'


===== END =====

Build output check failed:
    Regex: 'command[- ]line option .* is valid for .* but not for C\+\+'
    Output line: 'cc1plus: warning: command-line option ‘-Wno-missing-prototypes’ is valid for C/ObjC but not for C++'
Compilation failed:
    source file: '/home/group7/Desktop/VIO_autonomous_drone/ros2_ws/workspace/opencv-4.10.0/release/CMakeFiles/CMakeTmp/src.cxx'
    check option: ' -Wno-missing-prototypes'
===== BUILD LOG =====
Change Dir: '/home/group7/Desktop/VIO_autonomous_drone/ros2_ws/workspace/opencv-4.10.0/release/CMakeFiles/CMakeTmp'

Run Build Command(s): /usr/bin/cmake -E env VERBOSE=1 /usr/bin/gmake -f Makefile cmTC_4a93b/fast
/usr/bin/gmake  -f CMakeFiles/cmTC_4a93b.dir/build.make CMakeFiles/cmTC_4a93b.dir/build
gmake[1]: Entering directory '/home/group7/Desktop/VIO_autonomous_drone/ros2_ws/workspace/opencv-4.10.0/release/CMakeFiles/CMakeTmp'
Building CXX object CMakeFiles/cmTC_4a93b.dir/src.cxx.o
/usr/bin/c++   -fsigned-char -ffast-math -fno-finite-math-only -W -Wall -Wreturn-type -Wnon-virtual-dtor -Waddress -Wsequence-point -Wformat -Wformat-security -Winit-self -Wpointer-arith -Wsign-promo -Wno-delete-non-virtual-dtor -Wno-comment -Wno-strict-overflow -fdiagnostics-show-option -pthread -fomit-frame-pointer -ffunction-sections -fdata-sections    -fvisibility=hidden -fvisibility-inlines-hidden -Wno-shadow -Wno-unused -Wno-sign-compare -Wno-undef -Wno-missing-declarations -Wno-uninitialized -Wno-switch -Wno-parentheses -Wno-array-bounds -Wno-extra -Wno-deprecated-declarations -Wno-misleading-indentation -Wno-deprecated -Wno-suggest-override -Wno-implicit-fallthrough -Wno-tautological-compare  -O3 -DNDEBUG  -DNDEBUG -std=c++11 -fPIE    -Wno-missing-prototypes -o CMakeFiles/cmTC_4a93b.dir/src.cxx.o -c /home/group7/Desktop/VIO_autonomous_drone/ros2_ws/workspace/opencv-4.10.0/release/CMakeFiles/CMakeTmp/src.cxx
cc1plus: warning: command-line option ‘-Wno-missing-prototypes’ is valid for C/ObjC but not for C++
/home/group7/Desktop/VIO_autonomous_drone/ros2_ws/workspace/opencv-4.10.0/release/CMakeFiles/CMakeTmp/src.cxx:1: warning: ignoring ‘#pragma  ’ [-Wunknown-pragmas]
    1 | #pragma
      | 
Linking CXX executable cmTC_4a93b
/usr/bin/cmake -E cmake_link_script CMakeFiles/cmTC_4a93b.dir/link.txt --verbose=1
/usr/bin/c++    -fsigned-char -ffast-math -fno-finite-math-only -W -Wall -Wreturn-type -Wnon-virtual-dtor -Waddress -Wsequence-point -Wformat -Wformat-security -Winit-self -Wpointer-arith -Wsign-promo -Wno-delete-non-virtual-dtor -Wno-comment -Wno-strict-overflow -fdiagnostics-show-option -pthread -fomit-frame-pointer -ffunction-sections -fdata-sections    -fvisibility=hidden -fvisibility-inlines-hidden -Wno-shadow -Wno-unused -Wno-sign-compare -Wno-undef -Wno-missing-declarations -Wno-uninitialized -Wno-switch -Wno-parentheses -Wno-array-bounds -Wno-extra -Wno-deprecated-declarations -Wno-misleading-indentation -Wno-deprecated -Wno-suggest-override -Wno-implicit-fallthrough -Wno-tautological-compare  -O3 -DNDEBUG  -DNDEBUG   -Wl,--gc-sections -Wl,--as-needed -Wl,--no-undefined  CMakeFiles/cmTC_4a93b.dir/src.cxx.o -o cmTC_4a93b
gmake[1]: Leaving directory '/home/group7/Desktop/VIO_autonomous_drone/ros2_ws/workspace/opencv-4.10.0/release/CMakeFiles/CMakeTmp'


===== END =====

Build output check failed:
    Regex: 'unrecognized .*option'
    Output line: 'cc1plus: note: unrecognized command-line option ‘-Wno-implicit-const-int-float-conversion’ may have been intended to silence earlier diagnostics'
Compilation failed:
    source file: '/home/group7/Desktop/VIO_autonomous_drone/ros2_ws/workspace/opencv-4.10.0/release/CMakeFiles/CMakeTmp/src.cxx'
    check option: ' -Wno-implicit-const-int-float-conversion'
===== BUILD LOG =====
Change Dir: '/home/group7/Desktop/VIO_autonomous_drone/ros2_ws/workspace/opencv-4.10.0/release/CMakeFiles/CMakeTmp'

Run Build Command(s): /usr/bin/cmake -E env VERBOSE=1 /usr/bin/gmake -f Makefile cmTC_d07ec/fast
/usr/bin/gmake  -f CMakeFiles/cmTC_d07ec.dir/build.make CMakeFiles/cmTC_d07ec.dir/build
gmake[1]: Entering directory '/home/group7/Desktop/VIO_autonomous_drone/ros2_ws/workspace/opencv-4.10.0/release/CMakeFiles/CMakeTmp'
Building CXX object CMakeFiles/cmTC_d07ec.dir/src.cxx.o
/usr/bin/c++   -fsigned-char -ffast-math -fno-finite-math-only -W -Wall -Wreturn-type -Wnon-virtual-dtor -Waddress -Wsequence-point -Wformat -Wformat-security -Winit-self -Wpointer-arith -Wsign-promo -Wno-delete-non-virtual-dtor -Wno-comment -Wno-strict-overflow -fdiagnostics-show-option -pthread -fomit-frame-pointer -ffunction-sections -fdata-sections    -fvisibility=hidden -fvisibility-inlines-hidden -Wno-shadow -Wno-unused -Wno-sign-compare -Wno-undef -Wno-missing-declarations -Wno-uninitialized -Wno-switch -Wno-parentheses -Wno-array-bounds -Wno-extra -Wno-deprecated-declarations -Wno-misleading-indentation -Wno-deprecated -Wno-suggest-override -Wno-implicit-fallthrough -Wno-tautological-compare -Wno-reorder -Wno-unused-result  -O3 -DNDEBUG  -DNDEBUG -std=c++11 -fPIE    -Wno-implicit-const-int-float-conversion -o CMakeFiles/cmTC_d07ec.dir/src.cxx.o -c /home/group7/Desktop/VIO_autonomous_drone/ros2_ws/workspace/opencv-4.10.0/release/CMakeFiles/CMakeTmp/src.cxx
/home/group7/Desktop/VIO_autonomous_drone/ros2_ws/workspace/opencv-4.10.0/release/CMakeFiles/CMakeTmp/src.cxx:1: warning: ignoring ‘#pragma  ’ [-Wunknown-pragmas]
    1 | #pragma
      | 
cc1plus: note: unrecognized command-line option ‘-Wno-implicit-const-int-float-conversion’ may have been intended to silence earlier diagnostics
Linking CXX executable cmTC_d07ec
/usr/bin/cmake -E cmake_link_script CMakeFiles/cmTC_d07ec.dir/link.txt --verbose=1
/usr/bin/c++    -fsigned-char -ffast-math -fno-finite-math-only -W -Wall -Wreturn-type -Wnon-virtual-dtor -Waddress -Wsequence-point -Wformat -Wformat-security -Winit-self -Wpointer-arith -Wsign-promo -Wno-delete-non-virtual-dtor -Wno-comment -Wno-strict-overflow -fdiagnostics-show-option -pthread -fomit-frame-pointer -ffunction-sections -fdata-sections    -fvisibility=hidden -fvisibility-inlines-hidden -Wno-shadow -Wno-unused -Wno-sign-compare -Wno-undef -Wno-missing-declarations -Wno-uninitialized -Wno-switch -Wno-parentheses -Wno-array-bounds -Wno-extra -Wno-deprecated-declarations -Wno-misleading-indentation -Wno-deprecated -Wno-suggest-override -Wno-implicit-fallthrough -Wno-tautological-compare -Wno-reorder -Wno-unused-result  -O3 -DNDEBUG  -DNDEBUG   -Wl,--gc-sections -Wl,--as-needed -Wl,--no-undefined  CMakeFiles/cmTC_d07ec.dir/src.cxx.o -o cmTC_d07ec
gmake[1]: Leaving directory '/home/group7/Desktop/VIO_autonomous_drone/ros2_ws/workspace/opencv-4.10.0/release/CMakeFiles/CMakeTmp'


===== END =====

Build output check failed:
    Regex: 'unrecognized .*option'
    Output line: 'cc1plus: note: unrecognized command-line option ‘-Wno-tautological-undefined-compare’ may have been intended to silence earlier diagnostics'
Compilation failed:
    source file: '/home/group7/Desktop/VIO_autonomous_drone/ros2_ws/workspace/opencv-4.10.0/release/CMakeFiles/CMakeTmp/src.cxx'
    check option: ' -Wno-tautological-undefined-compare'
===== BUILD LOG =====
Change Dir: '/home/group7/Desktop/VIO_autonomous_drone/ros2_ws/workspace/opencv-4.10.0/release/CMakeFiles/CMakeTmp'

Run Build Command(s): /usr/bin/cmake -E env VERBOSE=1 /usr/bin/gmake -f Makefile cmTC_35e1b/fast
/usr/bin/gmake  -f CMakeFiles/cmTC_35e1b.dir/build.make CMakeFiles/cmTC_35e1b.dir/build
gmake[1]: Entering directory '/home/group7/Desktop/VIO_autonomous_drone/ros2_ws/workspace/opencv-4.10.0/release/CMakeFiles/CMakeTmp'
Building CXX object CMakeFiles/cmTC_35e1b.dir/src.cxx.o
/usr/bin/c++   -fsigned-char -ffast-math -fno-finite-math-only -W -Wall -Wreturn-type -Wnon-virtual-dtor -Waddress -Wsequence-point -Wformat -Wformat-security -Winit-self -Wpointer-arith -Wuninitialized -Wsuggest-override -Wno-delete-non-virtual-dtor -Wno-comment -Wimplicit-fallthrough=3 -Wno-strict-overflow -fdiagnostics-show-option -pthread -fomit-frame-pointer -ffunction-sections -fdata-sections    -fvisibility=hidden -fvisibility-inlines-hidden -Wno-deprecated -Wno-missing-declarations -Wno-shadow -Wno-unused-parameter -Wno-unused-local-typedefs -Wno-sign-compare -Wno-sign-promo -Wno-undef  -O3 -DNDEBUG  -DNDEBUG -std=c++11 -fPIE    -Wno-tautological-undefined-compare -o CMakeFiles/cmTC_35e1b.dir/src.cxx.o -c /home/group7/Desktop/VIO_autonomous_drone/ros2_ws/workspace/opencv-4.10.0/release/CMakeFiles/CMakeTmp/src.cxx
/home/group7/Desktop/VIO_autonomous_drone/ros2_ws/workspace/opencv-4.10.0/release/CMakeFiles/CMakeTmp/src.cxx:1: warning: ignoring ‘#pragma  ’ [-Wunknown-pragmas]
    1 | #pragma
      | 
cc1plus: note: unrecognized command-line option ‘-Wno-tautological-undefined-compare’ may have been intended to silence earlier diagnostics
Linking CXX executable cmTC_35e1b
/usr/bin/cmake -E cmake_link_script CMakeFiles/cmTC_35e1b.dir/link.txt --verbose=1
/usr/bin/c++    -fsigned-char -ffast-math -fno-finite-math-only -W -Wall -Wreturn-type -Wnon-virtual-dtor -Waddress -Wsequence-point -Wformat -Wformat-security -Winit-self -Wpointer-arith -Wuninitialized -Wsuggest-override -Wno-delete-non-virtual-dtor -Wno-comment -Wimplicit-fallthrough=3 -Wno-strict-overflow -fdiagnostics-show-option -pthread -fomit-frame-pointer -ffunction-sections -fdata-sections    -fvisibility=hidden -fvisibility-inlines-hidden -Wno-deprecated -Wno-missing-declarations -Wno-shadow -Wno-unused-parameter -Wno-unused-local-typedefs -Wno-sign-compare -Wno-sign-promo -Wno-undef  -O3 -DNDEBUG  -DNDEBUG   -Wl,--gc-sections -Wl,--as-needed -Wl,--no-undefined  CMakeFiles/cmTC_35e1b.dir/src.cxx.o -o cmTC_35e1b
gmake[1]: Leaving directory '/home/group7/Desktop/VIO_autonomous_drone/ros2_ws/workspace/opencv-4.10.0/release/CMakeFiles/CMakeTmp'


===== END =====

Build output check failed:
    Regex: 'unrecognized .*option'
    Output line: 'cc1plus: note: unrecognized command-line option ‘-Wno-shorten-64-to-32’ may have been intended to silence earlier diagnostics'
Compilation failed:
    source file: '/home/group7/Desktop/VIO_autonomous_drone/ros2_ws/workspace/opencv-4.10.0/release/CMakeFiles/CMakeTmp/src.cxx'
    check option: ' -Wno-shorten-64-to-32'
===== BUILD LOG =====
Change Dir: '/home/group7/Desktop/VIO_autonomous_drone/ros2_ws/workspace/opencv-4.10.0/release/CMakeFiles/CMakeTmp'

Run Build Command(s): /usr/bin/cmake -E env VERBOSE=1 /usr/bin/gmake -f Makefile cmTC_5c8f4/fast
/usr/bin/gmake  -f CMakeFiles/cmTC_5c8f4.dir/build.make CMakeFiles/cmTC_5c8f4.dir/build
gmake[1]: Entering directory '/home/group7/Desktop/VIO_autonomous_drone/ros2_ws/workspace/opencv-4.10.0/release/CMakeFiles/CMakeTmp'
Building CXX object CMakeFiles/cmTC_5c8f4.dir/src.cxx.o
/usr/bin/c++   -fsigned-char -ffast-math -fno-finite-math-only -W -Wall -Wreturn-type -Wnon-virtual-dtor -Waddress -Wsequence-point -Wformat -Wformat-security -Winit-self -Wpointer-arith -Wuninitialized -Wsuggest-override -Wno-delete-non-virtual-dtor -Wno-comment -Wimplicit-fallthrough=3 -Wno-strict-overflow -fdiagnostics-show-option -pthread -fomit-frame-pointer -ffunction-sections -fdata-sections    -fvisibility=hidden -fvisibility-inlines-hidden -Wno-deprecated -Wno-missing-declarations -Wno-shadow -Wno-unused-parameter -Wno-unused-local-typedefs -Wno-sign-compare -Wno-sign-promo -Wno-undef -Wno-ignored-qualifiers -Wno-extra -Wno-unused-function -Wno-unused-const-variable  -O3 -DNDEBUG  -DNDEBUG -std=c++11 -fPIE    -Wno-shorten-64-to-32 -o CMakeFiles/cmTC_5c8f4.dir/src.cxx.o -c /home/group7/Desktop/VIO_autonomous_drone/ros2_ws/workspace/opencv-4.10.0/release/CMakeFiles/CMakeTmp/src.cxx
/home/group7/Desktop/VIO_autonomous_drone/ros2_ws/workspace/opencv-4.10.0/release/CMakeFiles/CMakeTmp/src.cxx:1: warning: ignoring ‘#pragma  ’ [-Wunknown-pragmas]
    1 | #pragma
      | 
cc1plus: note: unrecognized command-line option ‘-Wno-shorten-64-to-32’ may have been intended to silence earlier diagnostics
Linking CXX executable cmTC_5c8f4
/usr/bin/cmake -E cmake_link_script CMakeFiles/cmTC_5c8f4.dir/link.txt --verbose=1
/usr/bin/c++    -fsigned-char -ffast-math -fno-finite-math-only -W -Wall -Wreturn-type -Wnon-virtual-dtor -Waddress -Wsequence-point -Wformat -Wformat-security -Winit-self -Wpointer-arith -Wuninitialized -Wsuggest-override -Wno-delete-non-virtual-dtor -Wno-comment -Wimplicit-fallthrough=3 -Wno-strict-overflow -fdiagnostics-show-option -pthread -fomit-frame-pointer -ffunction-sections -fdata-sections    -fvisibility=hidden -fvisibility-inlines-hidden -Wno-deprecated -Wno-missing-declarations -Wno-shadow -Wno-unused-parameter -Wno-unused-local-typedefs -Wno-sign-compare -Wno-sign-promo -Wno-undef -Wno-ignored-qualifiers -Wno-extra -Wno-unused-function -Wno-unused-const-variable  -O3 -DNDEBUG  -DNDEBUG   -Wl,--gc-sections -Wl,--as-needed -Wl,--no-undefined  CMakeFiles/cmTC_5c8f4.dir/src.cxx.o -o cmTC_5c8f4
gmake[1]: Leaving directory '/home/group7/Desktop/VIO_autonomous_drone/ros2_ws/workspace/opencv-4.10.0/release/CMakeFiles/CMakeTmp'


===== END =====

Build output check failed:
    Regex: 'unrecognized .*option'
    Output line: 'cc1plus: note: unrecognized command-line option ‘-Wno-enum-compare-switch’ may have been intended to silence earlier diagnostics'
Compilation failed:
    source file: '/home/group7/Desktop/VIO_autonomous_drone/ros2_ws/workspace/opencv-4.10.0/release/CMakeFiles/CMakeTmp/src.cxx'
    check option: ' -Wno-enum-compare-switch'
===== BUILD LOG =====
Change Dir: '/home/group7/Desktop/VIO_autonomous_drone/ros2_ws/workspace/opencv-4.10.0/release/CMakeFiles/CMakeTmp'

Run Build Command(s): /usr/bin/cmake -E env VERBOSE=1 /usr/bin/gmake -f Makefile cmTC_beca2/fast
/usr/bin/gmake  -f CMakeFiles/cmTC_beca2.dir/build.make CMakeFiles/cmTC_beca2.dir/build
gmake[1]: Entering directory '/home/group7/Desktop/VIO_autonomous_drone/ros2_ws/workspace/opencv-4.10.0/release/CMakeFiles/CMakeTmp'
Building CXX object CMakeFiles/cmTC_beca2.dir/src.cxx.o
/usr/bin/c++   -fsigned-char -ffast-math -fno-finite-math-only -W -Wall -Wreturn-type -Wnon-virtual-dtor -Waddress -Wsequence-point -Wformat -Wformat-security -Winit-self -Wpointer-arith -Wuninitialized -Wsuggest-override -Wno-delete-non-virtual-dtor -Wno-comment -Wimplicit-fallthrough=3 -Wno-strict-overflow -fdiagnostics-show-option -pthread -fomit-frame-pointer -ffunction-sections -fdata-sections    -fvisibility=hidden -fvisibility-inlines-hidden -Wno-deprecated -Wno-missing-declarations -Wno-shadow -Wno-unused-parameter -Wno-unused-local-typedefs -Wno-sign-compare -Wno-sign-promo -Wno-undef -Wno-ignored-qualifiers -Wno-extra -Wno-unused-function -Wno-unused-const-variable -Wno-invalid-offsetof  -O3 -DNDEBUG  -DNDEBUG -std=c++11 -fPIE    -Wno-enum-compare-switch -o CMakeFiles/cmTC_beca2.dir/src.cxx.o -c /home/group7/Desktop/VIO_autonomous_drone/ros2_ws/workspace/opencv-4.10.0/release/CMakeFiles/CMakeTmp/src.cxx
/home/group7/Desktop/VIO_autonomous_drone/ros2_ws/workspace/opencv-4.10.0/release/CMakeFiles/CMakeTmp/src.cxx:1: warning: ignoring ‘#pragma  ’ [-Wunknown-pragmas]
    1 | #pragma
      | 
cc1plus: note: unrecognized command-line option ‘-Wno-enum-compare-switch’ may have been intended to silence earlier diagnostics
Linking CXX executable cmTC_beca2
/usr/bin/cmake -E cmake_link_script CMakeFiles/cmTC_beca2.dir/link.txt --verbose=1
/usr/bin/c++    -fsigned-char -ffast-math -fno-finite-math-only -W -Wall -Wreturn-type -Wnon-virtual-dtor -Waddress -Wsequence-point -Wformat -Wformat-security -Winit-self -Wpointer-arith -Wuninitialized -Wsuggest-override -Wno-delete-non-virtual-dtor -Wno-comment -Wimplicit-fallthrough=3 -Wno-strict-overflow -fdiagnostics-show-option -pthread -fomit-frame-pointer -ffunction-sections -fdata-sections    -fvisibility=hidden -fvisibility-inlines-hidden -Wno-deprecated -Wno-missing-declarations -Wno-shadow -Wno-unused-parameter -Wno-unused-local-typedefs -Wno-sign-compare -Wno-sign-promo -Wno-undef -Wno-ignored-qualifiers -Wno-extra -Wno-unused-function -Wno-unused-const-variable -Wno-invalid-offsetof  -O3 -DNDEBUG  -DNDEBUG   -Wl,--gc-sections -Wl,--as-needed -Wl,--no-undefined  CMakeFiles/cmTC_beca2.dir/src.cxx.o -o cmTC_beca2
gmake[1]: Leaving directory '/home/group7/Desktop/VIO_autonomous_drone/ros2_ws/workspace/opencv-4.10.0/release/CMakeFiles/CMakeTmp'


===== END =====

Build output check failed:
    Regex: 'unrecognized .*option'
    Output line: 'cc1plus: note: unrecognized command-line option ‘-Wno-comma’ may have been intended to silence earlier diagnostics'
Compilation failed:
    source file: '/home/group7/Desktop/VIO_autonomous_drone/ros2_ws/workspace/opencv-4.10.0/release/CMakeFiles/CMakeTmp/src.cxx'
    check option: ' -Wno-comma'
===== BUILD LOG =====
Change Dir: '/home/group7/Desktop/VIO_autonomous_drone/ros2_ws/workspace/opencv-4.10.0/release/CMakeFiles/CMakeTmp'

Run Build Command(s): /usr/bin/cmake -E env VERBOSE=1 /usr/bin/gmake -f Makefile cmTC_2f39a/fast
/usr/bin/gmake  -f CMakeFiles/cmTC_2f39a.dir/build.make CMakeFiles/cmTC_2f39a.dir/build
gmake[1]: Entering directory '/home/group7/Desktop/VIO_autonomous_drone/ros2_ws/workspace/opencv-4.10.0/release/CMakeFiles/CMakeTmp'
Building CXX object CMakeFiles/cmTC_2f39a.dir/src.cxx.o
/usr/bin/c++   -fsigned-char -ffast-math -fno-finite-math-only -W -Wall -Wreturn-type -Wnon-virtual-dtor -Waddress -Wsequence-point -Wformat -Wformat-security -Winit-self -Wpointer-arith -Wuninitialized -Wno-delete-non-virtual-dtor -Wno-comment -Wno-strict-overflow -fdiagnostics-show-option -pthread -fomit-frame-pointer -ffunction-sections -fdata-sections    -fvisibility=hidden -fvisibility-inlines-hidden -Wno-deprecated -Wno-missing-declarations -Wno-shadow -Wno-unused-parameter -Wno-unused-local-typedefs -Wno-sign-compare -Wno-sign-promo -Wno-undef -Wno-ignored-qualifiers -Wno-extra -Wno-unused-function -Wno-unused-const-variable -Wno-invalid-offsetof -Wno-suggest-override -Wno-implicit-fallthrough -Wno-array-bounds -Wno-stringop-overflow -Wno-stringop-overread -Wno-extra-semi  -O3 -DNDEBUG  -DNDEBUG -std=c++11 -fPIE    -Wno-comma -o CMakeFiles/cmTC_2f39a.dir/src.cxx.o -c /home/group7/Desktop/VIO_autonomous_drone/ros2_ws/workspace/opencv-4.10.0/release/CMakeFiles/CMakeTmp/src.cxx
/home/group7/Desktop/VIO_autonomous_drone/ros2_ws/workspace/opencv-4.10.0/release/CMakeFiles/CMakeTmp/src.cxx:1: warning: ignoring ‘#pragma  ’ [-Wunknown-pragmas]
    1 | #pragma
      | 
cc1plus: note: unrecognized command-line option ‘-Wno-comma’ may have been intended to silence earlier diagnostics
Linking CXX executable cmTC_2f39a
/usr/bin/cmake -E cmake_link_script CMakeFiles/cmTC_2f39a.dir/link.txt --verbose=1
/usr/bin/c++    -fsigned-char -ffast-math -fno-finite-math-only -W -Wall -Wreturn-type -Wnon-virtual-dtor -Waddress -Wsequence-point -Wformat -Wformat-security -Winit-self -Wpointer-arith -Wuninitialized -Wno-delete-non-virtual-dtor -Wno-comment -Wno-strict-overflow -fdiagnostics-show-option -pthread -fomit-frame-pointer -ffunction-sections -fdata-sections    -fvisibility=hidden -fvisibility-inlines-hidden -Wno-deprecated -Wno-missing-declarations -Wno-shadow -Wno-unused-parameter -Wno-unused-local-typedefs -Wno-sign-compare -Wno-sign-promo -Wno-undef -Wno-ignored-qualifiers -Wno-extra -Wno-unused-function -Wno-unused-const-variable -Wno-invalid-offsetof -Wno-suggest-override -Wno-implicit-fallthrough -Wno-array-bounds -Wno-stringop-overflow -Wno-stringop-overread -Wno-extra-semi  -O3 -DNDEBUG  -DNDEBUG   -Wl,--gc-sections -Wl,--as-needed -Wl,--no-undefined  CMakeFiles/cmTC_2f39a.dir/src.cxx.o -o cmTC_2f39a
gmake[1]: Leaving directory '/home/group7/Desktop/VIO_autonomous_drone/ros2_ws/workspace/opencv-4.10.0/release/CMakeFiles/CMakeTmp'


===== END =====

Build output check failed:
    Regex: 'unrecognized .*option'
    Output line: 'cc1plus: note: unrecognized command-line option ‘-Wno-unused-private-field’ may have been intended to silence earlier diagnostics'
Compilation failed:
    source file: '/home/group7/Desktop/VIO_autonomous_drone/ros2_ws/workspace/opencv-4.10.0/release/CMakeFiles/CMakeTmp/src.cxx'
    check option: ' -Wno-unused-private-field'
===== BUILD LOG =====
Change Dir: '/home/group7/Desktop/VIO_autonomous_drone/ros2_ws/workspace/opencv-4.10.0/release/CMakeFiles/CMakeTmp'

Run Build Command(s): /usr/bin/cmake -E env VERBOSE=1 /usr/bin/gmake -f Makefile cmTC_de143/fast
/usr/bin/gmake  -f CMakeFiles/cmTC_de143.dir/build.make CMakeFiles/cmTC_de143.dir/build
gmake[1]: Entering directory '/home/group7/Desktop/VIO_autonomous_drone/ros2_ws/workspace/opencv-4.10.0/release/CMakeFiles/CMakeTmp'
Building CXX object CMakeFiles/cmTC_de143.dir/src.cxx.o
/usr/bin/c++   -fsigned-char -ffast-math -fno-finite-math-only -W -Wall -Wreturn-type -Wnon-virtual-dtor -Waddress -Wsequence-point -Wformat -Wformat-security -Wmissing-declarations -Wundef -Winit-self -Wpointer-arith -Wshadow -Wsign-promo -Wuninitialized -Wsuggest-override -Wno-delete-non-virtual-dtor -Wno-comment -Wimplicit-fallthrough=3 -Wno-strict-overflow -fdiagnostics-show-option -pthread -fomit-frame-pointer -ffunction-sections -fdata-sections    -fvisibility=hidden -fvisibility-inlines-hidden -Wno-unused-function -Wno-deprecated-declarations -Wno-overloaded-virtual  -O3 -DNDEBUG  -DNDEBUG -std=c++11 -fPIE    -Wno-unused-private-field -o CMakeFiles/cmTC_de143.dir/src.cxx.o -c /home/group7/Desktop/VIO_autonomous_drone/ros2_ws/workspace/opencv-4.10.0/release/CMakeFiles/CMakeTmp/src.cxx
/home/group7/Desktop/VIO_autonomous_drone/ros2_ws/workspace/opencv-4.10.0/release/CMakeFiles/CMakeTmp/src.cxx:1: warning: ignoring ‘#pragma  ’ [-Wunknown-pragmas]
    1 | #pragma
      | 
cc1plus: note: unrecognized command-line option ‘-Wno-unused-private-field’ may have been intended to silence earlier diagnostics
Linking CXX executable cmTC_de143
/usr/bin/cmake -E cmake_link_script CMakeFiles/cmTC_de143.dir/link.txt --verbose=1
/usr/bin/c++    -fsigned-char -ffast-math -fno-finite-math-only -W -Wall -Wreturn-type -Wnon-virtual-dtor -Waddress -Wsequence-point -Wformat -Wformat-security -Wmissing-declarations -Wundef -Winit-self -Wpointer-arith -Wshadow -Wsign-promo -Wuninitialized -Wsuggest-override -Wno-delete-non-virtual-dtor -Wno-comment -Wimplicit-fallthrough=3 -Wno-strict-overflow -fdiagnostics-show-option -pthread -fomit-frame-pointer -ffunction-sections -fdata-sections    -fvisibility=hidden -fvisibility-inlines-hidden -Wno-unused-function -Wno-deprecated-declarations -Wno-overloaded-virtual  -O3 -DNDEBUG  -DNDEBUG   -Wl,--gc-sections -Wl,--as-needed -Wl,--no-undefined  CMakeFiles/cmTC_de143.dir/src.cxx.o -o cmTC_de143
gmake[1]: Leaving directory '/home/group7/Desktop/VIO_autonomous_drone/ros2_ws/workspace/opencv-4.10.0/release/CMakeFiles/CMakeTmp'


===== END =====

